Component: ARM Compiler 5.06 update 7 (build 960) Tool: armlink [4d3601]

==============================================================================

Section Cross References

    startup_stm32f103xg.o(RESET) refers to startup_stm32f103xg.o(STACK) for __initial_sp
    startup_stm32f103xg.o(RESET) refers to startup_stm32f103xg.o(.text) for Reset_Handler
    startup_stm32f103xg.o(RESET) refers to stm32f10x_mc_it.o(i.HardFault_Handler) for HardFault_Handler
    startup_stm32f103xg.o(RESET) refers to stm32f10x_mc_it.o(i.SysTick_Handler) for SysTick_Handler
    startup_stm32f103xg.o(RESET) refers to stm32f10x_mc_it.o(i.EXTI0_IRQHandler) for EXTI0_IRQHandler
    startup_stm32f103xg.o(RESET) refers to stm32f10x_mc_it.o(i.ADC1_2_IRQHandler) for ADC1_2_IRQHandler
    startup_stm32f103xg.o(RESET) refers to stm32f10x_mc_it.o(i.TIM1_BRK_TIM9_IRQHandler) for TIM1_BRK_TIM9_IRQHandler
    startup_stm32f103xg.o(RESET) refers to stm32f10x_mc_it.o(i.TIM1_UP_TIM10_IRQHandler) for TIM1_UP_TIM10_IRQHandler
    startup_stm32f103xg.o(RESET) refers to stm32f10x_mc_it.o(i.TIM4_IRQHandler) for TIM4_IRQHandler
    startup_stm32f103xg.o(RESET) refers to stm32f10x_mc_it.o(i.USART1_IRQHandler) for USART1_IRQHandler
    startup_stm32f103xg.o(.text) refers to system_stm32f1xx.o(i.SystemInit) for SystemInit
    startup_stm32f103xg.o(.text) refers to entry.o(.ARM.Collect$$$$00000000) for __main
    main.o(i.SystemClock_Config) refers to stm32f1xx_hal_rcc.o(i.HAL_RCC_OscConfig) for HAL_RCC_OscConfig
    main.o(i.SystemClock_Config) refers to stm32f1xx_hal_rcc.o(i.HAL_RCC_ClockConfig) for HAL_RCC_ClockConfig
    main.o(i.SystemClock_Config) refers to stm32f1xx_hal_rcc_ex.o(i.HAL_RCCEx_PeriphCLKConfig) for HAL_RCCEx_PeriphCLKConfig
    main.o(i.SystemClock_Config) refers to stm32f1xx_hal_rcc.o(i.HAL_RCC_EnableCSS) for HAL_RCC_EnableCSS
    main.o(i.main) refers to stm32f1xx_hal.o(i.HAL_Init) for HAL_Init
    main.o(i.main) refers to stm32f1xx_hal_rcc.o(i.HAL_RCC_OscConfig) for HAL_RCC_OscConfig
    main.o(i.main) refers to stm32f1xx_hal_rcc.o(i.HAL_RCC_ClockConfig) for HAL_RCC_ClockConfig
    main.o(i.main) refers to stm32f1xx_hal_rcc_ex.o(i.HAL_RCCEx_PeriphCLKConfig) for HAL_RCCEx_PeriphCLKConfig
    main.o(i.main) refers to stm32f1xx_hal_rcc.o(i.HAL_RCC_EnableCSS) for HAL_RCC_EnableCSS
    main.o(i.main) refers to stm32f1xx_hal_gpio.o(i.HAL_GPIO_WritePin) for HAL_GPIO_WritePin
    main.o(i.main) refers to stm32f1xx_hal_gpio.o(i.HAL_GPIO_Init) for HAL_GPIO_Init
    main.o(i.main) refers to stm32f1xx_hal_adc.o(i.HAL_ADC_Init) for HAL_ADC_Init
    main.o(i.main) refers to stm32f1xx_hal_adc_ex.o(i.HAL_ADCEx_InjectedConfigChannel) for HAL_ADCEx_InjectedConfigChannel
    main.o(i.main) refers to stm32f1xx_hal_tim.o(i.HAL_TIM_Base_Init) for HAL_TIM_Base_Init
    main.o(i.main) refers to stm32f1xx_hal_tim.o(i.HAL_TIM_PWM_Init) for HAL_TIM_PWM_Init
    main.o(i.main) refers to stm32f1xx_hal_tim.o(i.HAL_TIM_SlaveConfigSynchro) for HAL_TIM_SlaveConfigSynchro
    main.o(i.main) refers to stm32f1xx_hal_tim_ex.o(i.HAL_TIMEx_MasterConfigSynchronization) for HAL_TIMEx_MasterConfigSynchronization
    main.o(i.main) refers to stm32f1xx_hal_tim.o(i.HAL_TIM_PWM_ConfigChannel) for HAL_TIM_PWM_ConfigChannel
    main.o(i.main) refers to stm32f1xx_hal_tim_ex.o(i.HAL_TIMEx_ConfigBreakDeadTime) for HAL_TIMEx_ConfigBreakDeadTime
    main.o(i.main) refers to stm32f1xx_hal_msp.o(i.HAL_TIM_MspPostInit) for HAL_TIM_MspPostInit
    main.o(i.main) refers to stm32f1xx_hal_tim.o(i.HAL_TIM_ConfigClockSource) for HAL_TIM_ConfigClockSource
    main.o(i.main) refers to stm32f1xx_hal_tim_ex.o(i.HAL_TIMEx_HallSensor_Init) for HAL_TIMEx_HallSensor_Init
    main.o(i.main) refers to stm32f1xx_hal_uart.o(i.HAL_UART_Init) for HAL_UART_Init
    main.o(i.main) refers to motorcontrol.o(i.MX_MotorControl_Init) for MX_MotorControl_Init
    main.o(i.main) refers to stm32f1xx_hal_cortex.o(i.HAL_NVIC_SetPriority) for HAL_NVIC_SetPriority
    main.o(i.main) refers to stm32f1xx_hal_cortex.o(i.HAL_NVIC_EnableIRQ) for HAL_NVIC_EnableIRQ
    main.o(i.main) refers to main.o(.bss) for .bss
    motorcontrol.o(i.MX_MotorControl_Init) refers to stm32f1xx_hal_rcc.o(i.HAL_RCC_GetHCLKFreq) for HAL_RCC_GetHCLKFreq
    motorcontrol.o(i.MX_MotorControl_Init) refers to stm32f1xx_hal_cortex.o(i.HAL_SYSTICK_Config) for HAL_SYSTICK_Config
    motorcontrol.o(i.MX_MotorControl_Init) refers to mc_tasks.o(i.MCboot) for MCboot
    motorcontrol.o(i.MX_MotorControl_Init) refers to mc_tasks.o(i.mc_lock_pins) for mc_lock_pins
    motorcontrol.o(i.MX_MotorControl_Init) refers to ui_task.o(i.UI_TaskInit) for UI_TaskInit
    motorcontrol.o(i.MX_MotorControl_Init) refers to motorcontrol.o(.data) for .data
    motorcontrol.o(i.MX_MotorControl_Init) refers to motorcontrol.o(.constdata) for .constdata
    mc_api.o(i.MC_AcknowledgeFaultMotor1) refers to mc_interface.o(i.MCI_FaultAcknowledged) for MCI_FaultAcknowledged
    mc_api.o(i.MC_AcknowledgeFaultMotor1) refers to motorcontrol.o(.data) for pMCI
[...]
    i.TIM_OC1_SetConfig                      0x08004578   Section        0  stm32f1xx_hal_tim.o(i.TIM_OC1_SetConfig)
    TIM_OC1_SetConfig                        0x08004579   Thumb Code   104  stm32f1xx_hal_tim.o(i.TIM_OC1_SetConfig)
    i.TIM_OC2_SetConfig                      0x080045e8   Section        0  stm32f1xx_hal_tim.o(i.TIM_OC2_SetConfig)
    i.TIM_OC3_SetConfig                      0x08004660   Section        0  stm32f1xx_hal_tim.o(i.TIM_OC3_SetConfig)
    TIM_OC3_SetConfig                        0x08004661   Thumb Code   112  stm32f1xx_hal_tim.o(i.TIM_OC3_SetConfig)
    i.TIM_OC4_SetConfig                      0x080046d8   Section        0  stm32f1xx_hal_tim.o(i.TIM_OC4_SetConfig)
    TIM_OC4_SetConfig                        0x080046d9   Thumb Code    88  stm32f1xx_hal_tim.o(i.TIM_OC4_SetConfig)
    i.TIM_SlaveTimer_SetConfig               0x08004730   Section        0  stm32f1xx_hal_tim.o(i.TIM_SlaveTimer_SetConfig)
    TIM_SlaveTimer_SetConfig                 0x08004731   Thumb Code   148  stm32f1xx_hal_tim.o(i.TIM_SlaveTimer_SetConfig)
    i.TIM_TI1_ConfigInputStage               0x080047c4   Section        0  stm32f1xx_hal_tim.o(i.TIM_TI1_ConfigInputStage)
    TIM_TI1_ConfigInputStage                 0x080047c5   Thumb Code    38  stm32f1xx_hal_tim.o(i.TIM_TI1_ConfigInputStage)
    i.TIM_TI1_SetConfig                      0x080047ea   Section        0  stm32f1xx_hal_tim.o(i.TIM_TI1_SetConfig)
    i.TIM_TI2_ConfigInputStage               0x08004878   Section        0  stm32f1xx_hal_tim.o(i.TIM_TI2_ConfigInputStage)
    TIM_TI2_ConfigInputStage                 0x08004879   Thumb Code    36  stm32f1xx_hal_tim.o(i.TIM_TI2_ConfigInputStage)
    i.TSK_ChargeBootCapDelayHasElapsedM1     0x0800489c   Section        0  mc_tasks.o(i.TSK_ChargeBootCapDelayHasElapsedM1)
    i.TSK_HardwareFaultTask                  0x080048b0   Section        0  mc_tasks.o(i.TSK_HardwareFaultTask)
    i.TSK_HighFrequencyTask                  0x080048d0   Section        0  mc_tasks.o(i.TSK_HighFrequencyTask)
    i.TSK_MediumFrequencyTaskM1              0x0800499c   Section        0  mc_tasks.o(i.TSK_MediumFrequencyTaskM1)
    i.TSK_SafetyTask                         0x08004afc   Section        0  mc_tasks.o(i.TSK_SafetyTask)
    i.TSK_SafetyTask_PWMOFF                  0x08004b1c   Section        0  mc_tasks.o(i.TSK_SafetyTask_PWMOFF)
    i.TSK_SetChargeBootCapDelayM1            0x08004ba0   Section        0  mc_tasks.o(i.TSK_SetChargeBootCapDelayM1)
    i.TSK_SetStopPermanencyTimeM1            0x08004bac   Section        0  mc_tasks.o(i.TSK_SetStopPermanencyTimeM1)
    i.TSK_StopPermanencyTimeHasElapsedM1     0x08004bb8   Section        0  mc_tasks.o(i.TSK_StopPermanencyTimeHasElapsedM1)
    i.UART_SetConfig                         0x08004bcc   Section        0  stm32f1xx_hal_uart.o(i.UART_SetConfig)
    UART_SetConfig                           0x08004bcd   Thumb Code   302  stm32f1xx_hal_uart.o(i.UART_SetConfig)
    i.UFCP_AbortReceive                      0x08004d00   Section        0  usart_frame_communication_protocol.o(i.UFCP_AbortReceive)
    i.UFCP_Init                              0x08004d08   Section        0  usart_frame_communication_protocol.o(i.UFCP_Init)
    i.UFCP_OVR_IRQ_Handler                   0x08004d0c   Section        0  usart_frame_communication_protocol.o(i.UFCP_OVR_IRQ_Handler)
    i.UFCP_RX_IRQ_Handler                    0x08004d20   Section        0  usart_frame_communication_protocol.o(i.UFCP_RX_IRQ_Handler)
    i.UFCP_Receive                           0x08004de0   Section        0  usart_frame_communication_protocol.o(i.UFCP_Receive)
    i.UFCP_Send                              0x08004e08   Section        0  usart_frame_communication_protocol.o(i.UFCP_Send)
    i.UFCP_TX_IRQ_Handler                    0x08004e5c   Section        0  usart_frame_communication_protocol.o(i.UFCP_TX_IRQ_Handler)
    i.UI_ExecCmd                             0x08004ec0   Section        0  user_interface.o(i.UI_ExecCmd)
    i.UI_ExecSpeedRamp                       0x08004f2c   Section        0  user_interface.o(i.UI_ExecSpeedRamp)
    i.UI_ExecTorqueRamp                      0x08004f5c   Section        0  user_interface.o(i.UI_ExecTorqueRamp)
    i.UI_GetMPInfo                           0x08004f6e   Section        0  user_interface.o(i.UI_GetMPInfo)
    i.UI_GetReg                              0x08004f74   Section        0  user_interface.o(i.UI_GetReg)
    i.UI_GetRevupData                        0x080052a4   Section        0  user_interface.o(i.UI_GetRevupData)
    i.UI_GetSelectedMC                       0x080052ec   Section        0  user_interface.o(i.UI_GetSelectedMC)
    i.UI_HandleStartStopButton_cb            0x080052f0   Section        0  ui_task.o(i.UI_HandleStartStopButton_cb)
    i.UI_Init                                0x08005308   Section        0  user_interface.o(i.UI_Init)
    i.UI_Scheduler                           0x0800531c   Section        0  ui_task.o(i.UI_Scheduler)
    i.UI_SelectMC                            0x08005348   Section        0  user_interface.o(i.UI_SelectMC)
    i.UI_SerialCommunicationTimeOutStart     0x08005358   Section        0  ui_task.o(i.UI_SerialCommunicationTimeOutStart)
    i.UI_SerialCommunicationTimeOutStop      0x08005364   Section        0  ui_task.o(i.UI_SerialCommunicationTimeOutStop)
    i.UI_SetCurrentReferences                0x08005370   Section        0  user_interface.o(i.UI_SetCurrentReferences)
    i.UI_SetReg                              0x08005388   Section        0  user_interface.o(i.UI_SetReg)
    i.UI_SetRevupData                        0x080054d4   Section        0  user_interface.o(i.UI_SetRevupData)
    i.UI_TaskInit                            0x0800550c   Section        0  ui_task.o(i.UI_TaskInit)
    i.USART1_IRQHandler                      0x08005580   Section        0  stm32f10x_mc_it.o(i.USART1_IRQHandler)
    i.VBS_GetAvBusVoltage_V                  0x080055ec   Section        0  bus_voltage_sensor.o(i.VBS_GetAvBusVoltage_V)
    i.VSS_Clear                              0x080055f6   Section        0  virtual_speed_sensor.o(i.VSS_Clear)
    i.VSS_SetCopyObserver                    0x08005622   Section        0  virtual_speed_sensor.o(i.VSS_SetCopyObserver)
    i.VSS_SetMecAcceleration                 0x0800562a   Section        0  virtual_speed_sensor.o(i.VSS_SetMecAcceleration)
    i.VSS_SetMecAngle                        0x080056a2   Section        0  virtual_speed_sensor.o(i.VSS_SetMecAngle)
    i.VVBS_Init                              0x080056b0   Section        0  virtual_bus_voltage_sensor.o(i.VVBS_Init)
    i.__scatterload_copy                     0x080056bc   Section       14  handlers.o(i.__scatterload_copy)
    i.__scatterload_null                     0x080056ca   Section        2  handlers.o(i.__scatterload_null)
    i.__scatterload_zeroinit                 0x080056cc   Section       14  handlers.o(i.__scatterload_zeroinit)
    i.main                                   0x080056dc   Section        0  main.o(i.main)
    i.mc_lock_pins                           0x08005a80   Section        0  mc_tasks.o(i.mc_lock_pins)
    i.startTimers                            0x08005b68   Section        0  pwm_common.o(i.startTimers)
    i.waitForPolarizationEnd                 0x08005bd0   Section        0  pwm_common.o(i.waitForPolarizationEnd)
    .constdata                               0x08005c2a   Section       32  motorcontrol.o(.constdata)
    .constdata                               0x08005c4c   Section        2  mc_tasks.o(.constdata)
    .constdata                               0x08005c4e   Section      512  mc_math.o(.constdata)
    .constdata                               0x08005e50   Section      144  mc_parameters.o(.constdata)
    .constdata                               0x08005ee0   Section       16  system_stm32f1xx.o(.constdata)
    .constdata                               0x08005ef0   Section        8  system_stm32f1xx.o(.constdata)
    .constdata                               0x08005ef8   Section       14  hall_speed_pos_fdbk.o(.constdata)
    OFFSET_TAB_CCMRx                         0x08005ef8   Data           7  hall_speed_pos_fdbk.o(.constdata)
    SHIFT_TAB_ICxx                           0x08005eff   Data           7  hall_speed_pos_fdbk.o(.constdata)
    .constdata                               0x08005f06   Section       14  r3_2_f1xx_pwm_curr_fdbk.o(.constdata)
    OFFSET_TAB_CCMRx                         0x08005f06   Data           7  r3_2_f1xx_pwm_curr_fdbk.o(.constdata)
    SHIFT_TAB_OCxx                           0x08005f0d   Data           7  r3_2_f1xx_pwm_curr_fdbk.o(.constdata)
    .constdata                               0x08005f14   Section        6  usart_frame_communication_protocol.o(.constdata)
    UFCP_Usart_Timeout_none                  0x08005f14   Data           2  usart_frame_communication_protocol.o(.constdata)
    UFCP_Usart_Timeout_start                 0x08005f16   Data           2  usart_frame_communication_protocol.o(.constdata)
    UFCP_Usart_Timeout_stop                  0x08005f18   Data           2  usart_frame_communication_protocol.o(.constdata)
    .data                                    0x20000000   Section       12  motorcontrol.o(.data)
    .data                                    0x2000000c   Section        8  motor_control_protocol.o(.data)
    .data                                    0x20000014   Section      276  mc_config.o(.data)
    .data                                    0x20000128   Section       44  mc_config.o(.data)
    .data                                    0x20000154   Section       44  mc_config.o(.data)
    .data                                    0x20000180   Section       44  mc_config.o(.data)
    .data                                    0x200001ac   Section       52  mc_config.o(.data)
    .data                                    0x200001e0   Section      120  mc_config.o(.data)
    .data                                    0x20000258   Section      200  mc_config.o(.data)
    .data                                    0x20000320   Section       40  mc_config.o(.data)
    .data                                    0x20000348   Section       12  mc_config.o(.data)
    .data                                    0x20000354   Section       24  mc_config.o(.data)
    .data                                    0x2000036c   Section      180  mc_config.o(.data)
    .data                                    0x20000420   Section      316  mc_config.o(.data)
    .data                                    0x2000055c   Section       58  mc_tasks.o(.data)
    hMFTaskCounterM1                         0x2000055e   Data           2  mc_tasks.o(.data)
    hBootCapDelayCounterM1                   0x20000560   Data           2  mc_tasks.o(.data)
    hStopPermanencyCounterM1                 0x20000562   Data           2  mc_tasks.o(.data)
    .data                                    0x20000596   Section        4  regular_conversion_manager.o(.data)
    .data                                    0x2000059a   Section        1  stm32f10x_mc_it.o(.data)
    SystickDividerCounter                    0x2000059a   Data           1  stm32f10x_mc_it.o(.data)
    .data                                    0x2000059c   Section       12  ui_task.o(.data)
    bCOMATRTimeCounter                       0x2000059c   Data           2  ui_task.o(.data)
    bUITaskCounter                           0x2000059e   Data           2  ui_task.o(.data)
    bCOMTimeoutCounter                       0x200005a0   Data           2  ui_task.o(.data)
    .data                                    0x200005a8   Section        4  system_stm32f1xx.o(.data)
    .data                                    0x200005ac   Section       12  stm32f1xx_hal.o(.data)
    .bss                                     0x200005b8   Section      288  main.o(.bss)
    .bss                                     0x200006d8   Section       68  main.o(.bss)
    .bss                                     0x2000071c   Section       24  mc_config.o(.bss)
    .bss                                     0x20000734   Section      152  mc_tasks.o(.bss)
    .bss                                     0x200007cc   Section       48  regular_conversion_manager.o(.bss)
    .bss                                     0x200007fc   Section      176  ui_task.o(.bss)
    STACK                                    0x200008b0   Section     1024  startup_stm32f103xg.o(STACK)

    Global Symbols

    Symbol Name                              Value     Ov Type        Size  Object(Section)

    BuildAttributes$$THM_ISAv4$P$D$K$B$S$PE$A:L22UL41UL21$X:L11$S22US41US21$IEEE1$IW$USESV6$~STKCKD$USESV7$~SHL$OTIME$EBA8$MICROLIB$REQ8$PRES8$EABIv2 0x00000000   Number         0  anon$$obj.o ABSOLUTE
    __ARM_use_no_argv                        0x00000000   Number         0  main.o ABSOLUTE
    __arm_fini_                               - Undefined Weak Reference
    __cpp_initialize__aeabi_                  - Undefined Weak Reference
    __cxa_finalize                            - Undefined Weak Reference
    _clock_init                               - Undefined Weak Reference
    _microlib_exit                            - Undefined Weak Reference
    __Vectors_Size                           0x00000130   Number         0  startup_stm32f103xg.o ABSOLUTE
    __Vectors                                0x08000000   Data           4  startup_stm32f103xg.o(RESET)
    __Vectors_End                            0x08000130   Data           0  startup_stm32f103xg.o(RESET)
    __main                                   0x08000131   Thumb Code     0  entry.o(.ARM.Collect$$$$00000000)
    _main_stk                                0x08000131   Thumb Code     0  entry2.o(.ARM.Collect$$$$00000001)
    _main_scatterload                        0x08000135   Thumb Code     0  entry5.o(.ARM.Collect$$$$00000004)
    __main_after_scatterload                 0x08000139   Thumb Code     0  entry5.o(.ARM.Collect$$$$00000004)
    _main_clock                              0x08000139   Thumb Code     0  entry7b.o(.ARM.Collect$$$$00000008)
    _main_cpp_init                           0x08000139   Thumb Code     0  entry8b.o(.ARM.Collect$$$$0000000A)
    _main_init                               0x08000139   Thumb Code     0  entry9a.o(.ARM.Collect$$$$0000000B)
    __rt_lib_shutdown_fini                   0x08000141   Thumb Code     0  entry12b.o(.ARM.Collect$$$$0000000E)
    __rt_final_cpp                           0x08000145   Thumb Code     0  entry10a.o(.ARM.Collect$$$$0000000F)
    __rt_final_exit                          0x08000145   Thumb Code     0  entry11a.o(.ARM.Collect$$$$00000011)
    Reset_Handler                            0x08000149   Thumb Code     8  startup_stm32f103xg.o(.text)
    NMI_Handler                              0x08000151   Thumb Code     2  startup_stm32f103xg.o(.text)
    MemManage_Handler                        0x08000155   Thumb Code     2  startup_stm32f103xg.o(.text)
    BusFault_Handler                         0x08000157   Thumb Code     2  startup_stm32f103xg.o(.text)
    UsageFault_Handler                       0x08000159   Thumb Code     2  startup_stm32f103xg.o(.text)
    SVC_Handler                              0x0800015b   Thumb Code     2  startup_stm32f103xg.o(.text)
    DebugMon_Handler                         0x0800015d   Thumb Code     2  startup_stm32f103xg.o(.text)
    PendSV_Handler                           0x0800015f   Thumb Code     2  startup_stm32f103xg.o(.text)
    ADC3_IRQHandler                          0x08000163   Thumb Code     0  startup_stm32f103xg.o(.text)
    CAN1_RX1_IRQHandler                      0x08000163   Thumb Code     0  startup_stm32f103xg.o(.text)
    CAN1_SCE_IRQHandler                      0x08000163   Thumb Code     0  startup_stm32f103xg.o(.text)
    DMA1_Channel1_IRQHandler                 0x08000163   Thumb Code     0  startup_stm32f103xg.o(.text)
    DMA1_Channel2_IRQHandler                 0x08000163   Thumb Code     0  startup_stm32f103xg.o(.text)
    DMA1_Channel3_IRQHandler                 0x08000163   Thumb Code     0  startup_stm32f103xg.o(.text)
    DMA1_Channel4_IRQHandler                 0x08000163   Thumb Code     0  startup_stm32f103xg.o(.text)
    DMA1_Channel5_IRQHandler                 0x08000163   Thumb Code     0  startup_stm32f103xg.o(.text)
    DMA1_Channel6_IRQHandler                 0x08000163   Thumb Code     0  startup_stm32f103xg.o(.text)
    DMA1_Channel7_IRQHandler                 0x08000163   Thumb Code     0  startup_stm32f103xg.o(.text)
    DMA2_Channel1_IRQHandler                 0x08000163   Thumb Code     0  startup_stm32f103xg.o(.text)
    DMA2_Channel2_IRQHandler                 0x08000163   Thumb Code     0  startup_stm32f103xg.o(.text)
    DMA2_Channel3_IRQHandler                 0x08000163   Thumb Code     0  startup_stm32f103xg.o(.text)
    DMA2_Channel4_5_IRQHandler               0x08000163   Thumb Code     0  startup_stm32f103xg.o(.text)
    EXTI15_10_IRQHandler                     0x08000163   Thumb Code     0  startup_stm32f103xg.o(.text)
    EXTI1_IRQHandler                         0x08000163   Thumb Code     0  startup_stm32f103xg.o(.text)
    EXTI2_IRQHandler                         0x08000163   Thumb Code     0  startup_stm32f103xg.o(.text)
    EXTI3_IRQHandler                         0x08000163   Thumb Code     0  startup_stm32f103xg.o(.text)
    EXTI4_IRQHandler                         0x08000163   Thumb Code     0  startup_stm32f103xg.o(.text)
    EXTI9_5_IRQHandler                       0x08000163   Thumb Code     0  startup_stm32f103xg.o(.text)
    FLASH_IRQHandler                         0x08000163   Thumb Code     0  startup_stm32f103xg.o(.text)
    FSMC_IRQHandler                          0x08000163   Thumb Code     0  startup_stm32f103xg.o(.text)
    I2C1_ER_IRQHandler                       0x08000163   Thumb Code     0  startup_stm32f103xg.o(.text)
    I2C1_EV_IRQHandler                       0x08000163   Thumb Code     0  startup_stm32f103xg.o(.text)
    I2C2_ER_IRQHandler                       0x08000163   Thumb Code     0  startup_stm32f103xg.o(.text)
    I2C2_EV_IRQHandler                       0x08000163   Thumb Code     0  startup_stm32f103xg.o(.text)
    PVD_IRQHandler                           0x08000163   Thumb Code     0  startup_stm32f103xg.o(.text)
    RCC_IRQHandler                           0x08000163   Thumb Code     0  startup_stm32f103xg.o(.text)
    RTC_Alarm_IRQHandler                     0x08000163   Thumb Code     0  startup_stm32f103xg.o(.text)
    RTC_IRQHandler                           0x08000163   Thumb Code     0  startup_stm32f103xg.o(.text)
    SDIO_IRQHandler                          0x08000163   Thumb Code     0  startup_stm32f103xg.o(.text)
    SPI1_IRQHandler                          0x08000163   Thumb Code     0  startup_stm32f103xg.o(.text)
    SPI2_IRQHandler                          0x08000163   Thumb Code     0  startup_stm32f103xg.o(.text)
    SPI3_IRQHandler                          0x08000163   Thumb Code     0  startup_stm32f103xg.o(.text)
    TAMPER_IRQHandler                        0x08000163   Thumb Code     0  startup_stm32f103xg.o(.text)
    TIM1_CC_IRQHandler                       0x08000163   Thumb Code     0  startup_stm32f103xg.o(.text)
    TIM1_TRG_COM_TIM11_IRQHandler            0x08000163   Thumb Code     0  startup_stm32f103xg.o(.text)
    TIM2_IRQHandler                          0x08000163   Thumb Code     0  startup_stm32f103xg.o(.text)
    TIM3_IRQHandler                          0x08000163   Thumb Code     0  startup_stm32f103xg.o(.text)
    TIM5_IRQHandler                          0x08000163   Thumb Code     0  startup_stm32f103xg.o(.text)
    TIM6_IRQHandler                          0x08000163   Thumb Code     0  startup_stm32f103xg.o(.text)
    TIM7_IRQHandler                          0x08000163   Thumb Code     0  startup_stm32f103xg.o(.text)
    TIM8_BRK_TIM12_IRQHandler                0x08000163   Thumb Code     0  startup_stm32f103xg.o(.text)
    TIM8_CC_IRQHandler                       0x08000163   Thumb Code     0  startup_stm32f103xg.o(.text)
    TIM8_TRG_COM_TIM14_IRQHandler            0x08000163   Thumb Code     0  startup_stm32f103xg.o(.text)
    TIM8_UP_TIM13_IRQHandler                 0x08000163   Thumb Code     0  startup_stm32f103xg.o(.text)
    UART4_IRQHandler                         0x08000163   Thumb Code     0  startup_stm32f103xg.o(.text)
    UART5_IRQHandler                         0x08000163   Thumb Code     0  startup_stm32f103xg.o(.text)
    USART2_IRQHandler                        0x08000163   Thumb Code     0  startup_stm32f103xg.o(.text)
    USART3_IRQHandler                        0x08000163   Thumb Code     0  startup_stm32f103xg.o(.text)
    USBWakeUp_IRQHandler                     0x08000163   Thumb Code     0  startup_stm32f103xg.o(.text)
    USB_HP_CAN1_TX_IRQHandler                0x08000163   Thumb Code     0  startup_stm32f103xg.o(.text)
    USB_LP_CAN1_RX0_IRQHandler               0x08000163   Thumb Code     0  startup_stm32f103xg.o(.text)
    WWDG_IRQHandler                          0x08000163   Thumb Code     0  startup_stm32f103xg.o(.text)
    RUC_Init                                 0x0800016d   Thumb Code    86  revup_ctrl.o(.text)
    RUC_Clear                                0x080001c3   Thumb Code   130  revup_ctrl.o(.text)
    RUC_OTF_Exec                             0x08000245   Thumb Code   506  revup_ctrl.o(.text)
    RUC_Exec                                 0x0800043f   Thumb Code   102  revup_ctrl.o(.text)
    RUC_Completed                            0x080004a5   Thumb Code    14  revup_ctrl.o(.text)
    RUC_Stop                                 0x080004b3   Thumb Code    30  revup_ctrl.o(.text)
    RUC_FirstAccelerationStageReached        0x080004d1   Thumb Code    20  revup_ctrl.o(.text)
    RUC_SetPhaseDurationms                   0x080004e5   Thumb Code    12  revup_ctrl.o(.text)
    RUC_SetPhaseFinalMecSpeedUnit            0x080004f1   Thumb Code    12  revup_ctrl.o(.text)
    RUC_SetPhaseFinalTorque                  0x080004fd   Thumb Code    12  revup_ctrl.o(.text)
    RUC_GetPhaseDurationms                   0x08000509   Thumb Code    12  revup_ctrl.o(.text)
    RUC_GetPhaseFinalMecSpeedUnit            0x08000515   Thumb Code    14  revup_ctrl.o(.text)
    RUC_GetPhaseFinalTorque                  0x08000523   Thumb Code    14  revup_ctrl.o(.text)
    RUC_GetNumberOfPhases                    0x08000531   Thumb Code     6  revup_ctrl.o(.text)
    RUC_Get_SCLowsideOTF_Status              0x08000537   Thumb Code     6  revup_ctrl.o(.text)
    __scatterload                            0x0800053d   Thumb Code    28  init.o(.text)
    __scatterload_rt2                        0x0800053d   Thumb Code     0  init.o(.text)
    __decompress                             0x08000561   Thumb Code     0  __dczerorl2.o(.text)
    __decompress1                            0x08000561   Thumb Code    86  __dczerorl2.o(.text)
    ADC1_2_IRQHandler                        0x080005b9   Thumb Code    14  stm32f10x_mc_it.o(i.ADC1_2_IRQHandler)
    ADC_ConversionStop_Disable               0x080005cd   Thumb Code    82  stm32f1xx_hal_adc.o(i.ADC_ConversionStop_Disable)
    Circle_Limitation                        0x0800061f   Thumb Code    92  circle_limitation.o(i.Circle_Limitation)
    EXTI0_IRQHandler                         0x0800067d   Thumb Code    20  stm32f10x_mc_it.o(i.EXTI0_IRQHandler)
    Error_Handler                            0x08000695   Thumb Code     2  main.o(i.Error_Handler)
    FCP_CalcCRC                              0x08000697   Thumb Code    48  frame_communication_protocol.o(i.FCP_CalcCRC)
    FCP_Init                                 0x080006c7   Thumb Code    42  frame_communication_protocol.o(i.FCP_Init)
    FCP_SetClient                            0x080006f1   Thumb Code    20  frame_communication_protocol.o(i.FCP_SetClient)
    FOC_CalcCurrRef                          0x08000705   Thumb Code    42  mc_tasks.o(i.FOC_CalcCurrRef)
    FOC_Clear                                0x08000739   Thumb Code    86  mc_tasks.o(i.FOC_Clear)
    FOC_InitAdditionalMethods                0x080007a5   Thumb Code     2  mc_tasks.o(i.FOC_InitAdditionalMethods)
    HALL_CalcAvrgMecSpeedUnit                0x080007a7   Thumb Code   150  hall_speed_pos_fdbk.o(i.HALL_CalcAvrgMecSpeedUnit)
    HALL_CalcElAngle                         0x0800083d   Thumb Code    56  hall_speed_pos_fdbk.o(i.HALL_CalcElAngle)
    HALL_Clear                               0x08000875   Thumb Code    82  hall_speed_pos_fdbk.o(i.HALL_Clear)
    HALL_Init                                0x080008c9   Thumb Code   310  hall_speed_pos_fdbk.o(i.HALL_Init)
    HALL_TIMx_CC_IRQHandler                  0x08000b23   Thumb Code   886  hall_speed_pos_fdbk.o(i.HALL_TIMx_CC_IRQHandler)
    HALL_TIMx_UP_IRQHandler                  0x08000e99   Thumb Code   138  hall_speed_pos_fdbk.o(i.HALL_TIMx_UP_IRQHandler)
    HAL_ADCEx_InjectedConfigChannel          0x08000f25   Thumb Code   614  stm32f1xx_hal_adc_ex.o(i.HAL_ADCEx_InjectedConfigChannel)
    HAL_ADC_Init                             0x08001195   Thumb Code   314  stm32f1xx_hal_adc.o(i.HAL_ADC_Init)
    HAL_ADC_MspInit                          0x080012d9   Thumb Code   192  stm32f1xx_hal_msp.o(i.HAL_ADC_MspInit)
    HAL_DMA_Init                             0x080013a9   Thumb Code   144  stm32f1xx_hal_dma.o(i.HAL_DMA_Init)
    HAL_GPIO_Init                            0x08001451   Thumb Code   524  stm32f1xx_hal_gpio.o(i.HAL_GPIO_Init)
    HAL_GPIO_WritePin                        0x08001669   Thumb Code    14  stm32f1xx_hal_gpio.o(i.HAL_GPIO_WritePin)
    HAL_GetTick                              0x08001679   Thumb Code     6  stm32f1xx_hal.o(i.HAL_GetTick)
    HAL_IncTick                              0x08001685   Thumb Code    12  stm32f1xx_hal.o(i.HAL_IncTick)
    HAL_Init                                 0x08001695   Thumb Code    32  stm32f1xx_hal.o(i.HAL_Init)
    HAL_InitTick                             0x080016b9   Thumb Code    58  stm32f1xx_hal.o(i.HAL_InitTick)
    HAL_MspInit                              0x080016fd   Thumb Code    58  stm32f1xx_hal_msp.o(i.HAL_MspInit)
    HAL_NVIC_EnableIRQ                       0x08001741   Thumb Code    28  stm32f1xx_hal_cortex.o(i.HAL_NVIC_EnableIRQ)
    HAL_NVIC_SetPriority                     0x0800175d   Thumb Code    98  stm32f1xx_hal_cortex.o(i.HAL_NVIC_SetPriority)
    HAL_NVIC_SetPriorityGrouping             0x080017c5   Thumb Code    30  stm32f1xx_hal_cortex.o(i.HAL_NVIC_SetPriorityGrouping)
    HAL_RCCEx_PeriphCLKConfig                0x080017e9   Thumb Code   290  stm32f1xx_hal_rcc_ex.o(i.HAL_RCCEx_PeriphCLKConfig)
    HAL_RCC_ClockConfig                      0x08001919   Thumb Code   364  stm32f1xx_hal_rcc.o(i.HAL_RCC_ClockConfig)
    HAL_RCC_EnableCSS                        0x08001a99   Thumb Code     8  stm32f1xx_hal_rcc.o(i.HAL_RCC_EnableCSS)
    HAL_RCC_GetHCLKFreq                      0x08001aa5   Thumb Code     6  stm32f1xx_hal_rcc.o(i.HAL_RCC_GetHCLKFreq)
    HAL_RCC_GetPCLK1Freq                     0x08001ab1   Thumb Code    22  stm32f1xx_hal_rcc.o(i.HAL_RCC_GetPCLK1Freq)
    HAL_RCC_GetPCLK2Freq                     0x08001ad1   Thumb Code    22  stm32f1xx_hal_rcc.o(i.HAL_RCC_GetPCLK2Freq)
    HAL_RCC_GetSysClockFreq                  0x08001af1   Thumb Code    88  stm32f1xx_hal_rcc.o(i.HAL_RCC_GetSysClockFreq)
    HAL_RCC_OscConfig                        0x08001b69   Thumb Code  1068  stm32f1xx_hal_rcc.o(i.HAL_RCC_OscConfig)
    HAL_SYSTICK_Callback                     0x08001f95   Thumb Code     2  stm32f1xx_hal_cortex.o(i.HAL_SYSTICK_Callback)
    HAL_SYSTICK_Config                       0x08001f99   Thumb Code    36  stm32f1xx_hal_cortex.o(i.HAL_SYSTICK_Config)
    HAL_SYSTICK_IRQHandler                   0x08001fc1   Thumb Code     8  stm32f1xx_hal_cortex.o(i.HAL_SYSTICK_IRQHandler)
    HAL_TIMEx_ConfigBreakDeadTime            0x08001fc9   Thumb Code   102  stm32f1xx_hal_tim_ex.o(i.HAL_TIMEx_ConfigBreakDeadTime)
    HAL_TIMEx_HallSensor_Init                0x0800202f   Thumb Code   192  stm32f1xx_hal_tim_ex.o(i.HAL_TIMEx_HallSensor_Init)
    HAL_TIMEx_HallSensor_MspInit             0x080020ef   Thumb Code     2  stm32f1xx_hal_tim_ex.o(i.HAL_TIMEx_HallSensor_MspInit)
    HAL_TIMEx_MasterConfigSynchronization    0x080020f1   Thumb Code    78  stm32f1xx_hal_tim_ex.o(i.HAL_TIMEx_MasterConfigSynchronization)
    HAL_TIM_Base_Init                        0x0800213f   Thumb Code    56  stm32f1xx_hal_tim.o(i.HAL_TIM_Base_Init)
    HAL_TIM_Base_MspInit                     0x08002179   Thumb Code   126  stm32f1xx_hal_msp.o(i.HAL_TIM_Base_MspInit)
    HAL_TIM_ConfigClockSource                0x08002205   Thumb Code   228  stm32f1xx_hal_tim.o(i.HAL_TIM_ConfigClockSource)
    HAL_TIM_MspPostInit                      0x080022e9   Thumb Code    88  stm32f1xx_hal_msp.o(i.HAL_TIM_MspPostInit)
    HAL_TIM_PWM_ConfigChannel                0x0800234d   Thumb Code   220  stm32f1xx_hal_tim.o(i.HAL_TIM_PWM_ConfigChannel)
    HAL_TIM_PWM_Init                         0x08002429   Thumb Code    56  stm32f1xx_hal_tim.o(i.HAL_TIM_PWM_Init)
    HAL_TIM_PWM_MspInit                      0x08002461   Thumb Code     2  stm32f1xx_hal_tim.o(i.HAL_TIM_PWM_MspInit)
    HAL_TIM_SlaveConfigSynchro               0x08002463   Thumb Code    82  stm32f1xx_hal_tim.o(i.HAL_TIM_SlaveConfigSynchro)
    HAL_UART_Init                            0x080024b5   Thumb Code   100  stm32f1xx_hal_uart.o(i.HAL_UART_Init)
    HAL_UART_MspInit                         0x08002519   Thumb Code   106  stm32f1xx_hal_msp.o(i.HAL_UART_MspInit)
    HardFault_Handler                        0x0800258d   Thumb Code   104  stm32f10x_mc_it.o(i.HardFault_Handler)
    MCI_Clear_Iqdref                         0x080025f9   Thumb Code    16  mc_interface.o(i.MCI_Clear_Iqdref)
    MCI_EncoderAlign                         0x08002609   Thumb Code     8  mc_interface.o(i.MCI_EncoderAlign)
    MCI_ExecBufferedCommands                 0x08002611   Thumb Code   120  mc_interface.o(i.MCI_ExecBufferedCommands)
    MCI_ExecSpeedRamp                        0x08002689   Thumb Code    14  mc_interface.o(i.MCI_ExecSpeedRamp)
    MCI_ExecTorqueRamp                       0x08002697   Thumb Code    18  mc_interface.o(i.MCI_ExecTorqueRamp)
    MCI_FaultAcknowledged                    0x080026a9   Thumb Code     6  mc_interface.o(i.MCI_FaultAcknowledged)
    MCI_GetAvrgMecSpeedUnit                  0x080026af   Thumb Code    16  mc_interface.o(i.MCI_GetAvrgMecSpeedUnit)
    MCI_GetControlMode                       0x080026bf   Thumb Code     4  mc_interface.o(i.MCI_GetControlMode)
    MCI_GetIab                               0x080026c3   Thumb Code     6  mc_interface.o(i.MCI_GetIab)
    MCI_GetIalphabeta                        0x080026c9   Thumb Code     6  mc_interface.o(i.MCI_GetIalphabeta)
    MCI_GetIqd                               0x080026cf   Thumb Code     6  mc_interface.o(i.MCI_GetIqd)
    MCI_GetIqdref                            0x080026d5   Thumb Code     6  mc_interface.o(i.MCI_GetIqdref)
    MCI_GetLastRampFinalSpeed                0x080026db   Thumb Code    16  mc_interface.o(i.MCI_GetLastRampFinalSpeed)
    MCI_GetMecSpeedRefUnit                   0x080026eb   Thumb Code     6  mc_interface.o(i.MCI_GetMecSpeedRefUnit)
    MCI_GetSTMState                          0x080026f1   Thumb Code     6  mc_interface.o(i.MCI_GetSTMState)
    MCI_GetTeref                             0x080026f7   Thumb Code     8  mc_interface.o(i.MCI_GetTeref)
    MCI_GetValphabeta                        0x080026ff   Thumb Code     8  mc_interface.o(i.MCI_GetValphabeta)
    MCI_GetVqd                               0x08002707   Thumb Code     8  mc_interface.o(i.MCI_GetVqd)
    MCI_Init                                 0x0800270f   Thumb Code    20  mc_interface.o(i.MCI_Init)
    MCI_SetCurrentReferences                 0x08002723   Thumb Code    20  mc_interface.o(i.MCI_SetCurrentReferences)
    MCI_SetIdref                             0x08002737   Thumb Code    10  mc_interface.o(i.MCI_SetIdref)
    MCI_StartMotor                           0x08002741   Thumb Code    22  mc_interface.o(i.MCI_StartMotor)
    MCI_StopMotor                            0x08002757   Thumb Code     8  mc_interface.o(i.MCI_StopMotor)
    MCI_StopRamp                             0x0800275f   Thumb Code     6  mc_interface.o(i.MCI_StopRamp)
    MCM_Clarke                               0x08002765   Thumb Code    68  mc_math.o(i.MCM_Clarke)
    MCM_Park                                 0x080027ad   Thumb Code   118  mc_math.o(i.MCM_Park)
    MCM_Rev_Park                             0x0800282d   Thumb Code    48  mc_math.o(i.MCM_Rev_Park)
    MCM_Trig_Functions                       0x0800285d   Thumb Code   112  mc_math.o(i.MCM_Trig_Functions)
    MCP_Init                                 0x080028d1   Thumb Code    50  motor_control_protocol.o(i.MCP_Init)
    MCP_OnTimeOut                            0x08002911   Thumb Code     8  motor_control_protocol.o(i.MCP_OnTimeOut)
    MCP_ReceivedFrame                        0x08002919   Thumb Code  1628  motor_control_protocol.o(i.MCP_ReceivedFrame)
    MCP_SentFrame                            0x08002f81   Thumb Code     8  motor_control_protocol.o(i.MCP_SentFrame)
    MCP_WaitNextFrame                        0x08002f89   Thumb Code    26  motor_control_protocol.o(i.MCP_WaitNextFrame)
    MC_GetSTMStateMotor1                     0x08002fa5   Thumb Code     8  mc_api.o(i.MC_GetSTMStateMotor1)
    MC_RunMotorControlTasks                  0x08002fb1   Thumb Code    28  mc_tasks.o(i.MC_RunMotorControlTasks)
    MC_Scheduler                             0x08002fd1   Thumb Code    58  mc_tasks.o(i.MC_Scheduler)
    MC_StartMotor1                           0x08003011   Thumb Code     8  mc_api.o(i.MC_StartMotor1)
    MC_StopMotor1                            0x0800301d   Thumb Code     8  mc_api.o(i.MC_StopMotor1)
    MCboot                                   0x08003029   Thumb Code   336  mc_tasks.o(i.MCboot)
    MPM_CalcElMotorPower                     0x080031b5   Thumb Code    68  motor_power_measurement.o(i.MPM_CalcElMotorPower)
    MPM_Clear                                0x080031f9   Thumb Code    26  motor_power_measurement.o(i.MPM_Clear)
    MPM_GetAvrgElMotorPowerW                 0x08003213   Thumb Code     6  motor_power_measurement.o(i.MPM_GetAvrgElMotorPowerW)
    MX_MotorControl_Init                     0x08003219   Thumb Code    48  motorcontrol.o(i.MX_MotorControl_Init)
    NTC_CalcAvTemp                           0x08003251   Thumb Code    62  ntc_temperature_sensor.o(i.NTC_CalcAvTemp)
    NTC_Clear                                0x0800328f   Thumb Code     6  ntc_temperature_sensor.o(i.NTC_Clear)
    NTC_GetAvTemp_C                          0x08003295   Thumb Code    38  ntc_temperature_sensor.o(i.NTC_GetAvTemp_C)
    NTC_Init                                 0x080032bb   Thumb Code    38  ntc_temperature_sensor.o(i.NTC_Init)
    NTC_SetFaultState                        0x080032e1   Thumb Code    26  ntc_temperature_sensor.o(i.NTC_SetFaultState)
    PID_GetKD                                0x080032fb   Thumb Code     6  pid_regulator.o(i.PID_GetKD)
    PID_GetKI                                0x08003301   Thumb Code     6  pid_regulator.o(i.PID_GetKI)
    PID_GetKIDivisor                         0x08003307   Thumb Code     4  pid_regulator.o(i.PID_GetKIDivisor)
    PID_GetKP                                0x0800330b   Thumb Code     6  pid_regulator.o(i.PID_GetKP)
    PID_GetKPDivisor                         0x08003311   Thumb Code     4  pid_regulator.o(i.PID_GetKPDivisor)
    PID_HandleInit                           0x08003315   Thumb Code    20  pid_regulator.o(i.PID_HandleInit)
    PID_SetIntegralTerm                      0x08003329   Thumb Code     4  pid_regulator.o(i.PID_SetIntegralTerm)
    PID_SetKD                                0x0800332d   Thumb Code     4  pid_regulator.o(i.PID_SetKD)
    PID_SetKI                                0x08003331   Thumb Code     4  pid_regulator.o(i.PID_SetKI)
    PID_SetKP                                0x08003335   Thumb Code     4  pid_regulator.o(i.PID_SetKP)
    PI_Controller                            0x08003339   Thumb Code   136  pid_regulator.o(i.PI_Controller)
    PQD_CalcElMotorPower                     0x080033c5   Thumb Code   112  pqd_motor_power_measurement.o(i.PQD_CalcElMotorPower)
    PWMC_CheckOverCurrent                    0x08003439   Thumb Code     4  pwm_curr_fdbk.o(i.PWMC_CheckOverCurrent)
    PWMC_CurrentReadingCalibr                0x0800343d   Thumb Code    74  pwm_curr_fdbk.o(i.PWMC_CurrentReadingCalibr)
    PWMC_GetPhaseCurrents                    0x08003487   Thumb Code     4  pwm_curr_fdbk.o(i.PWMC_GetPhaseCurrents)
    PWMC_SetPhaseVoltage                     0x0800348b   Thumb Code   538  pwm_curr_fdbk.o(i.PWMC_SetPhaseVoltage)
    PWMC_SwitchOffPWM                        0x080036a5   Thumb Code     4  pwm_curr_fdbk.o(i.PWMC_SwitchOffPWM)
    PWMC_SwitchOnPWM                         0x080036a9   Thumb Code     4  pwm_curr_fdbk.o(i.PWMC_SwitchOnPWM)
    PWMC_TurnOnLowSides                      0x080036ad   Thumb Code     4  pwm_curr_fdbk.o(i.PWMC_TurnOnLowSides)
    R3_2_BRK_IRQHandler                      0x080036b1   Thumb Code    56  r3_2_f1xx_pwm_curr_fdbk.o(i.R3_2_BRK_IRQHandler)
    R3_2_CurrentReadingPolarization          0x080036e9   Thumb Code   308  r3_2_f1xx_pwm_curr_fdbk.o(i.R3_2_CurrentReadingPolarization)
    R3_2_GetPhaseCurrents                    0x08003835   Thumb Code   286  r3_2_f1xx_pwm_curr_fdbk.o(i.R3_2_GetPhaseCurrents)
    R3_2_HFCurrentsPolarizationAB            0x08003959   Thumb Code    86  r3_2_f1xx_pwm_curr_fdbk.o(i.R3_2_HFCurrentsPolarizationAB)
    R3_2_HFCurrentsPolarizationC             0x080039af   Thumb Code    62  r3_2_f1xx_pwm_curr_fdbk.o(i.R3_2_HFCurrentsPolarizationC)
    R3_2_Init                                0x080039ed   Thumb Code   186  r3_2_f1xx_pwm_curr_fdbk.o(i.R3_2_Init)
    R3_2_IsOverCurrentOccurred               0x08003aad   Thumb Code    22  r3_2_f1xx_pwm_curr_fdbk.o(i.R3_2_IsOverCurrentOccurred)
    R3_2_SetADCSampPointPolarization         0x08003ac3   Thumb Code    20  r3_2_f1xx_pwm_curr_fdbk.o(i.R3_2_SetADCSampPointPolarization)
    R3_2_SetADCSampPointSectX                0x08003ad7   Thumb Code    94  r3_2_f1xx_pwm_curr_fdbk.o(i.R3_2_SetADCSampPointSectX)
    R3_2_SwitchOffPWM                        0x08003b35   Thumb Code    92  r3_2_f1xx_pwm_curr_fdbk.o(i.R3_2_SwitchOffPWM)
    R3_2_SwitchOnPWM                         0x08003b91   Thumb Code   200  r3_2_f1xx_pwm_curr_fdbk.o(i.R3_2_SwitchOnPWM)
    R3_2_TIMx_UP_IRQHandler                  0x08003c59   Thumb Code   198  r3_2_f1xx_pwm_curr_fdbk.o(i.R3_2_TIMx_UP_IRQHandler)
    R3_2_TurnOnLowSides                      0x08003d29   Thumb Code    90  r3_2_f1xx_pwm_curr_fdbk.o(i.R3_2_TurnOnLowSides)
    R3_2_WriteTIMRegisters                   0x08003d83   Thumb Code    58  r3_2_f1xx_pwm_curr_fdbk.o(i.R3_2_WriteTIMRegisters)
    RCM_ExecRegularConv                      0x08003de1   Thumb Code   116  regular_conversion_manager.o(i.RCM_ExecRegularConv)
    RCM_ExecUserConv                         0x08003e5d   Thumb Code    60  regular_conversion_manager.o(i.RCM_ExecUserConv)
    RCM_RegisterRegConv                      0x08003ea1   Thumb Code   270  regular_conversion_manager.o(i.RCM_RegisterRegConv)
    REMNG_Init                               0x08003fbd   Thumb Code    16  ramp_ext_mngr.o(i.REMNG_Init)
    SPD_GetAvrgMecSpeedUnit                  0x08003fcd   Thumb Code     6  speed_pos_fdbk.o(i.SPD_GetAvrgMecSpeedUnit)
    SPD_GetElAngle                           0x08003fd3   Thumb Code     6  speed_pos_fdbk.o(i.SPD_GetElAngle)
    SPD_GetInstElSpeedDpp                    0x08003fd9   Thumb Code     6  speed_pos_fdbk.o(i.SPD_GetInstElSpeedDpp)
    SPD_GetS16Speed                          0x08003fdf   Thumb Code    20  speed_pos_fdbk.o(i.SPD_GetS16Speed)
    SPD_IsMecSpeedReliable                   0x08003ff3   Thumb Code   100  speed_pos_fdbk.o(i.SPD_IsMecSpeedReliable)
    STC_CalcTorqueReference                  0x08004057   Thumb Code    96  speed_torq_ctrl.o(i.STC_CalcTorqueReference)
    STC_Clear                                0x080040b7   Thumb Code    16  speed_torq_ctrl.o(i.STC_Clear)
    STC_ExecRamp                             0x080040c7   Thumb Code   154  speed_torq_ctrl.o(i.STC_ExecRamp)
    STC_ForceSpeedReferenceToCurrentSpeed    0x08004161   Thumb Code    16  speed_torq_ctrl.o(i.STC_ForceSpeedReferenceToCurrentSpeed)
    STC_GetDefaultIqdref                     0x08004171   Thumb Code    20  speed_torq_ctrl.o(i.STC_GetDefaultIqdref)
    STC_GetMaxAppPositiveMecSpeedUnit        0x08004185   Thumb Code     4  speed_torq_ctrl.o(i.STC_GetMaxAppPositiveMecSpeedUnit)
    STC_GetMecSpeedRefUnit                   0x08004189   Thumb Code    12  speed_torq_ctrl.o(i.STC_GetMecSpeedRefUnit)
    STC_GetMecSpeedRefUnitDefault            0x08004195   Thumb Code     6  speed_torq_ctrl.o(i.STC_GetMecSpeedRefUnitDefault)
    STC_GetMinAppNegativeMecSpeedUnit        0x0800419b   Thumb Code     6  speed_torq_ctrl.o(i.STC_GetMinAppNegativeMecSpeedUnit)
    STC_GetSpeedSensor                       0x080041a1   Thumb Code     4  speed_torq_ctrl.o(i.STC_GetSpeedSensor)
    STC_GetTorqueRef                         0x080041a5   Thumb Code    12  speed_torq_ctrl.o(i.STC_GetTorqueRef)
    STC_Init                                 0x080041b1   Thumb Code    32  speed_torq_ctrl.o(i.STC_Init)
    STC_SetControlMode                       0x080041d1   Thumb Code     8  speed_torq_ctrl.o(i.STC_SetControlMode)
    STC_StopRamp                             0x080041d9   Thumb Code     8  speed_torq_ctrl.o(i.STC_StopRamp)
    STM_FaultAcknowledged                    0x080041e1   Thumb Code    22  state_machine.o(i.STM_FaultAcknowledged)
    STM_FaultProcessing                      0x080041f7   Thumb Code    54  state_machine.o(i.STM_FaultProcessing)
    STM_GetFaultState                        0x0800422d   Thumb Code    10  state_machine.o(i.STM_GetFaultState)
    STM_GetState                             0x08004237   Thumb Code     4  state_machine.o(i.STM_GetState)
    STM_Init                                 0x0800423b   Thumb Code    10  state_machine.o(i.STM_Init)
    STM_NextState                            0x08004245   Thumb Code   340  state_machine.o(i.STM_NextState)
    SysTick_Handler                          0x08004399   Thumb Code    36  stm32f10x_mc_it.o(i.SysTick_Handler)
    SystemInit                               0x080043c1   Thumb Code    60  system_stm32f1xx.o(i.SystemInit)
    TIM1_BRK_TIM9_IRQHandler                 0x08004409   Thumb Code    36  stm32f10x_mc_it.o(i.TIM1_BRK_TIM9_IRQHandler)
    TIM1_UP_TIM10_IRQHandler                 0x08004431   Thumb Code    14  stm32f10x_mc_it.o(i.TIM1_UP_TIM10_IRQHandler)
    TIM4_IRQHandler                          0x08004449   Thumb Code    54  stm32f10x_mc_it.o(i.TIM4_IRQHandler)
    TIM_Base_SetConfig                       0x08004485   Thumb Code   182  stm32f1xx_hal_tim.o(i.TIM_Base_SetConfig)
    TIM_ETR_SetConfig                        0x08004551   Thumb Code    22  stm32f1xx_hal_tim.o(i.TIM_ETR_SetConfig)
    TIM_OC2_SetConfig                        0x080045e9   Thumb Code   112  stm32f1xx_hal_tim.o(i.TIM_OC2_SetConfig)
    TIM_TI1_SetConfig                        0x080047eb   Thumb Code   142  stm32f1xx_hal_tim.o(i.TIM_TI1_SetConfig)
    TSK_ChargeBootCapDelayHasElapsedM1       0x0800489d   Thumb Code    14  mc_tasks.o(i.TSK_ChargeBootCapDelayHasElapsedM1)
    TSK_HardwareFaultTask                    0x080048b1   Thumb Code    24  mc_tasks.o(i.TSK_HardwareFaultTask)
    TSK_HighFrequencyTask                    0x080048d1   Thumb Code   186  mc_tasks.o(i.TSK_HighFrequencyTask)
    TSK_MediumFrequencyTaskM1                0x0800499d   Thumb Code   326  mc_tasks.o(i.TSK_MediumFrequencyTaskM1)
    TSK_SafetyTask                           0x08004afd   Thumb Code    26  mc_tasks.o(i.TSK_SafetyTask)
    TSK_SafetyTask_PWMOFF                    0x08004b1d   Thumb Code   114  mc_tasks.o(i.TSK_SafetyTask_PWMOFF)
    TSK_SetChargeBootCapDelayM1              0x08004ba1   Thumb Code     6  mc_tasks.o(i.TSK_SetChargeBootCapDelayM1)
    TSK_SetStopPermanencyTimeM1              0x08004bad   Thumb Code     6  mc_tasks.o(i.TSK_SetStopPermanencyTimeM1)
    TSK_StopPermanencyTimeHasElapsedM1       0x08004bb9   Thumb Code    14  mc_tasks.o(i.TSK_StopPermanencyTimeHasElapsedM1)
    UFCP_AbortReceive                        0x08004d01   Thumb Code     8  usart_frame_communication_protocol.o(i.UFCP_AbortReceive)
    UFCP_Init                                0x08004d09   Thumb Code     4  usart_frame_communication_protocol.o(i.UFCP_Init)
    UFCP_OVR_IRQ_Handler                     0x08004d0d   Thumb Code    18  usart_frame_communication_protocol.o(i.UFCP_OVR_IRQ_Handler)
    UFCP_RX_IRQ_Handler                      0x08004d21   Thumb Code   180  usart_frame_communication_protocol.o(i.UFCP_RX_IRQ_Handler)
    UFCP_Receive                             0x08004de1   Thumb Code    40  usart_frame_communication_protocol.o(i.UFCP_Receive)
    UFCP_Send                                0x08004e09   Thumb Code    84  usart_frame_communication_protocol.o(i.UFCP_Send)
    UFCP_TX_IRQ_Handler                      0x08004e5d   Thumb Code   100  usart_frame_communication_protocol.o(i.UFCP_TX_IRQ_Handler)
    UI_ExecCmd                               0x08004ec1   Thumb Code   108  user_interface.o(i.UI_ExecCmd)
    UI_ExecSpeedRamp                         0x08004f2d   Thumb Code    42  user_interface.o(i.UI_ExecSpeedRamp)
    UI_ExecTorqueRamp                        0x08004f5d   Thumb Code    18  user_interface.o(i.UI_ExecTorqueRamp)
    UI_GetMPInfo                             0x08004f6f   Thumb Code     4  user_interface.o(i.UI_GetMPInfo)
    UI_GetReg                                0x08004f75   Thumb Code   802  user_interface.o(i.UI_GetReg)
    UI_GetRevupData                          0x080052a5   Thumb Code    72  user_interface.o(i.UI_GetRevupData)
    UI_GetSelectedMC                         0x080052ed   Thumb Code     4  user_interface.o(i.UI_GetSelectedMC)
    UI_HandleStartStopButton_cb              0x080052f1   Thumb Code    24  ui_task.o(i.UI_HandleStartStopButton_cb)
    UI_Init                                  0x08005309   Thumb Code    20  user_interface.o(i.UI_Init)
    UI_Scheduler                             0x0800531d   Thumb Code    40  ui_task.o(i.UI_Scheduler)
    UI_SelectMC                              0x08005349   Thumb Code    16  user_interface.o(i.UI_SelectMC)
    UI_SerialCommunicationTimeOutStart       0x08005359   Thumb Code     8  ui_task.o(i.UI_SerialCommunicationTimeOutStart)
    UI_SerialCommunicationTimeOutStop        0x08005365   Thumb Code     8  ui_task.o(i.UI_SerialCommunicationTimeOutStop)
    UI_SetCurrentReferences                  0x08005371   Thumb Code    24  user_interface.o(i.UI_SetCurrentReferences)
    UI_SetReg                                0x08005389   Thumb Code   328  user_interface.o(i.UI_SetReg)
    UI_SetRevupData                          0x080054d5   Thumb Code    54  user_interface.o(i.UI_SetRevupData)
    UI_TaskInit                              0x0800550d   Thumb Code    88  ui_task.o(i.UI_TaskInit)
    USART1_IRQHandler                        0x08005581   Thumb Code   104  stm32f10x_mc_it.o(i.USART1_IRQHandler)
    VBS_GetAvBusVoltage_V                    0x080055ed   Thumb Code    10  bus_voltage_sensor.o(i.VBS_GetAvBusVoltage_V)
    VSS_Clear                                0x080055f7   Thumb Code    44  virtual_speed_sensor.o(i.VSS_Clear)
    VSS_SetCopyObserver                      0x08005623   Thumb Code     8  virtual_speed_sensor.o(i.VSS_SetCopyObserver)
    VSS_SetMecAcceleration                   0x0800562b   Thumb Code   120  virtual_speed_sensor.o(i.VSS_SetMecAcceleration)
    VSS_SetMecAngle                          0x080056a3   Thumb Code    14  virtual_speed_sensor.o(i.VSS_SetMecAngle)
    VVBS_Init                                0x080056b1   Thumb Code    12  virtual_bus_voltage_sensor.o(i.VVBS_Init)
    __scatterload_copy                       0x080056bd   Thumb Code    14  handlers.o(i.__scatterload_copy)
    __scatterload_null                       0x080056cb   Thumb Code     2  handlers.o(i.__scatterload_null)
    __scatterload_zeroinit                   0x080056cd   Thumb Code    14  handlers.o(i.__scatterload_zeroinit)
    main                                     0x080056dd   Thumb Code   876  main.o(i.main)
    mc_lock_pins                             0x08005a81   Thumb Code   200  mc_tasks.o(i.mc_lock_pins)
    startTimers                              0x08005b69   Thumb Code   100  pwm_common.o(i.startTimers)
    waitForPolarizationEnd                   0x08005bd1   Thumb Code    90  pwm_common.o(i.waitForPolarizationEnd)
    s_fwVer                                  0x08005c2a   Data          32  motorcontrol.o(.constdata)
    hSin_Cos_Table                           0x08005c4e   Data         512  mc_math.o(.constdata)
    R3_2_ParamsM1                            0x08005e50   Data         144  mc_parameters.o(.constdata)
    AHBPrescTable                            0x08005ee0   Data          16  system_stm32f1xx.o(.constdata)
    APBPrescTable                            0x08005ef0   Data           8  system_stm32f1xx.o(.constdata)
    Region$$Table$$Base                      0x08005f1c   Number         0  anon$$obj.o(Region$$Table)
    Region$$Table$$Limit                     0x08005f3c   Number         0  anon$$obj.o(Region$$Table)
    wConfig                                  0x20000000   Data           4  motorcontrol.o(.data)
    pMCI                                     0x20000004   Data           4  motorcontrol.o(.data)
    pMCT                                     0x20000008   Data           4  motorcontrol.o(.data)
    MPInfo                                   0x2000000c   Data           8  motor_control_protocol.o(.data)
    PQD_MotorPowMeasM1                       0x20000014   Data         276  mc_config.o(.data)
    PIDSpeedHandle_M1                        0x20000128   Data          44  mc_config.o(.data)
    PIDIqHandle_M1                           0x20000154   Data          44  mc_config.o(.data)
    PIDIdHandle_M1                           0x20000180   Data          44  mc_config.o(.data)
    SpeednTorqCtrlM1                         0x200001ac   Data          52  mc_config.o(.data)
    PWM_Handle_M1                            0x200001e0   Data         120  mc_config.o(.data)
    HALL_M1                                  0x20000258   Data         200  mc_config.o(.data)
    TempSensorParamsM1                       0x20000320   Data          40  mc_config.o(.data)
    VirtualBusVoltageSensorParamsM1          0x20000348   Data          12  mc_config.o(.data)
    RampExtMngrHFParamsM1                    0x20000354   Data          24  mc_config.o(.data)
    CircleLimitationM1                       0x2000036c   Data         180  mc_config.o(.data)
    pUSART                                   0x20000420   Data         316  mc_config.o(.data)
    bMCBootCompleted                         0x2000055c   Data           1  mc_tasks.o(.data)
    oMCInterface                             0x20000564   Data           4  mc_tasks.o(.data)
    pSTC                                     0x20000568   Data           4  mc_tasks.o(.data)
    pPIDSpeed                                0x2000056c   Data           4  mc_tasks.o(.data)
    pPIDIq                                   0x20000570   Data           4  mc_tasks.o(.data)
    pPIDId                                   0x20000574   Data           4  mc_tasks.o(.data)
    pBusSensorM1                             0x20000578   Data           4  mc_tasks.o(.data)
    pTemperatureSensor                       0x2000057c   Data           4  mc_tasks.o(.data)
    pwmcHandle                               0x20000580   Data           4  mc_tasks.o(.data)
    pMPM                                     0x20000584   Data           4  mc_tasks.o(.data)
    pCLM                                     0x20000588   Data           4  mc_tasks.o(.data)
    pREMNG                                   0x2000058c   Data           4  mc_tasks.o(.data)
    STM                                      0x20000590   Data           6  mc_tasks.o(.data)
    RCM_UserConvHandle                       0x20000596   Data           1  regular_conversion_manager.o(.data)
    RCM_UserConvState                        0x20000597   Data           1  regular_conversion_manager.o(.data)
    RCM_UserConvValue                        0x20000598   Data           2  regular_conversion_manager.o(.data)
    pMCP                                     0x200005a4   Data           4  ui_task.o(.data)
    SystemCoreClock                          0x200005a8   Data           4  system_stm32f1xx.o(.data)
    uwTickFreq                               0x200005ac   Data           1  stm32f1xx_hal.o(.data)
    uwTickPrio                               0x200005b0   Data           4  stm32f1xx_hal.o(.data)
    uwTick                                   0x200005b4   Data           4  stm32f1xx_hal.o(.data)
    hadc1                                    0x200005b8   Data          48  main.o(.bss)
    hadc2                                    0x200005e8   Data          48  main.o(.bss)
    htim1                                    0x20000618   Data          64  main.o(.bss)
    htim4                                    0x20000658   Data          64  main.o(.bss)
    huart1                                   0x20000698   Data          64  main.o(.bss)
    hdma_adc1                                0x200006d8   Data          68  main.o(.bss)
    UI_Params                                0x2000071c   Data          24  mc_config.o(.bss)
    FOCVars                                  0x20000734   Data          38  mc_tasks.o(.bss)
    Mci                                      0x2000075c   Data          28  mc_tasks.o(.bss)
    MCT                                      0x20000778   Data          84  mc_tasks.o(.bss)
    RCM_handle_array                         0x200007cc   Data          16  regular_conversion_manager.o(.bss)
    RCM_CB_array                             0x200007dc   Data          32  regular_conversion_manager.o(.bss)
    MCP_UI_Params                            0x200007fc   Data         176  ui_task.o(.bss)
    __initial_sp                             0x20000cb0   Data           0  startup_stm32f103xg.o(STACK)



==============================================================================

Memory Map of the image

  Image Entry point : 0x08000131

  Load Region LR_IROM1 (Base: 0x08000000, Size: 0x000064f4, Max: 0x00100000, ABSOLUTE, COMPRESSED[0x00006098])

    Execution Region ER_IROM1 (Exec base: 0x08000000, Load base: 0x08000000, Size: 0x00005f3c, Max: 0x00100000, ABSOLUTE)

    Exec Addr    Load Addr    Size         Type   Attr      Idx    E Section Name        Object

    0x08000000   0x08000000   0x00000130   Data   RO            3    RESET               startup_stm32f103xg.o
    0x08000130   0x08000130   0x00000000   Code   RO         5606  * .ARM.Collect$$$$00000000  mc_w.l(entry.o)
    0x08000130   0x08000130   0x00000004   Code   RO         5611    .ARM.Collect$$$$00000001  mc_w.l(entry2.o)
    0x08000134   0x08000134   0x00000004   Code   RO         5614    .ARM.Collect$$$$00000004  mc_w.l(entry5.o)
    0x08000138   0x08000138   0x00000000   Code   RO         5616    .ARM.Collect$$$$00000008  mc_w.l(entry7b.o)
    0x08000138   0x08000138   0x00000000   Code   RO         5618    .ARM.Collect$$$$0000000A  mc_w.l(entry8b.o)
    0x08000138   0x08000138   0x00000008   Code   RO         5619    .ARM.Collect$$$$0000000B  mc_w.l(entry9a.o)
    0x08000140   0x08000140   0x00000004   Code   RO         5626    .ARM.Collect$$$$0000000E  mc_w.l(entry12b.o)
    0x08000144   0x08000144   0x00000000   Code   RO         5621    .ARM.Collect$$$$0000000F  mc_w.l(entry10a.o)
    0x08000144   0x08000144   0x00000000   Code   RO         5623    .ARM.Collect$$$$00000011  mc_w.l(entry11a.o)
    0x08000144   0x08000144   0x00000004   Code   RO         5612    .ARM.Collect$$$$00002712  mc_w.l(entry2.o)
    0x08000148   0x08000148   0x00000024   Code   RO            4    .text               startup_stm32f103xg.o
    0x0800016c   0x0800016c   0x000003d0   Code   RO         5601    .text               libmc-keil_M3.lib(revup_ctrl.o)
    0x0800053c   0x0800053c   0x00000024   Code   RO         5627    .text               mc_w.l(init.o)
    0x08000560   0x08000560   0x00000056   Code   RO         5637    .text               mc_w.l(__dczerorl2.o)
    0x080005b6   0x080005b6   0x00000002   PAD
    0x080005b8   0x080005b8   0x00000014   Code   RO         1175    i.ADC1_2_IRQHandler  stm32f10x_mc_it.o
    0x080005cc   0x080005cc   0x00000052   Code   RO         1609    i.ADC_ConversionStop_Disable  stm32f1xx_hal_adc.o
    0x0800061e   0x0800061e   0x0000005c   Code   RO         4217    i.Circle_Limitation  circle_limitation.o
    0x0800067a   0x0800067a   0x00000002   PAD
    0x0800067c   0x0800067c   0x00000018   Code   RO         1176    i.EXTI0_IRQHandler  stm32f10x_mc_it.o
    0x08000694   0x08000694   0x00000002   Code   RO           13    i.Error_Handler     main.o
    0x08000696   0x08000696   0x00000030   Code   RO         5444    i.FCP_CalcCRC       frame_communication_protocol.o
    0x080006c6   0x080006c6   0x0000002a   Code   RO         5445    i.FCP_Init          frame_communication_protocol.o
    0x080006f0   0x080006f0   0x00000014   Code   RO         5447    i.FCP_SetClient     frame_communication_protocol.o
    0x08000704   0x08000704   0x00000034   Code   RO          679    i.FOC_CalcCurrRef   mc_tasks.o
    0x08000738   0x08000738   0x0000006c   Code   RO          680    i.FOC_Clear         mc_tasks.o
    0x080007a4   0x080007a4   0x00000002   Code   RO          681    i.FOC_InitAdditionalMethods  mc_tasks.o
    0x080007a6   0x080007a6   0x00000096   Code   RO         4274    i.HALL_CalcAvrgMecSpeedUnit  hall_speed_pos_fdbk.o
    0x0800083c   0x0800083c   0x00000038   Code   RO         4275    i.HALL_CalcElAngle  hall_speed_pos_fdbk.o
    0x08000874   0x08000874   0x00000052   Code   RO         4276    i.HALL_Clear        hall_speed_pos_fdbk.o
    0x080008c6   0x080008c6   0x00000002   PAD
    0x080008c8   0x080008c8   0x00000144   Code   RO         4277    i.HALL_Init         hall_speed_pos_fdbk.o
    0x08000a0c   0x08000a0c   0x00000116   Code   RO         4278    i.HALL_Init_Electrical_Angle  hall_speed_pos_fdbk.o
    0x08000b22   0x08000b22   0x00000376   Code   RO         4280    i.HALL_TIMx_CC_IRQHandler  hall_speed_pos_fdbk.o
    0x08000e98   0x08000e98   0x0000008a   Code   RO         4281    i.HALL_TIMx_UP_IRQHandler  hall_speed_pos_fdbk.o
    0x08000f22   0x08000f22   0x00000002   PAD
    0x08000f24   0x08000f24   0x00000270   Code   RO         1790    i.HAL_ADCEx_InjectedConfigChannel  stm32f1xx_hal_adc_ex.o
    0x08001194   0x08001194   0x00000144   Code   RO         1624    i.HAL_ADC_Init      stm32f1xx_hal_adc.o
    0x080012d8   0x080012d8   0x000000d0   Code   RO         1469    i.HAL_ADC_MspInit   stm32f1xx_hal_msp.o
    0x080013a8   0x080013a8   0x000000a8   Code   RO         2275    i.HAL_DMA_Init      stm32f1xx_hal_dma.o
    0x08001450   0x08001450   0x00000218   Code   RO         2205    i.HAL_GPIO_Init     stm32f1xx_hal_gpio.o
    0x08001668   0x08001668   0x0000000e   Code   RO         2209    i.HAL_GPIO_WritePin  stm32f1xx_hal_gpio.o
    0x08001676   0x08001676   0x00000002   PAD
    0x08001678   0x08001678   0x0000000c   Code   RO         1896    i.HAL_GetTick       stm32f1xx_hal.o
    0x08001684   0x08001684   0x00000010   Code   RO         1902    i.HAL_IncTick       stm32f1xx_hal.o
    0x08001694   0x08001694   0x00000024   Code   RO         1903    i.HAL_Init          stm32f1xx_hal.o
    0x080016b8   0x080016b8   0x00000044   Code   RO         1904    i.HAL_InitTick      stm32f1xx_hal.o
    0x080016fc   0x080016fc   0x00000044   Code   RO         1470    i.HAL_MspInit       stm32f1xx_hal_msp.o
    0x08001740   0x08001740   0x0000001c   Code   RO         2368    i.HAL_NVIC_EnableIRQ  stm32f1xx_hal_cortex.o
    0x0800175c   0x0800175c   0x00000068   Code   RO         2374    i.HAL_NVIC_SetPriority  stm32f1xx_hal_cortex.o
    0x080017c4   0x080017c4   0x00000024   Code   RO         2375    i.HAL_NVIC_SetPriorityGrouping  stm32f1xx_hal_cortex.o
    0x080017e8   0x080017e8   0x00000130   Code   RO         2168    i.HAL_RCCEx_PeriphCLKConfig  stm32f1xx_hal_rcc_ex.o
    0x08001918   0x08001918   0x00000180   Code   RO         2060    i.HAL_RCC_ClockConfig  stm32f1xx_hal_rcc.o
    0x08001a98   0x08001a98   0x0000000c   Code   RO         2063    i.HAL_RCC_EnableCSS  stm32f1xx_hal_rcc.o
    0x08001aa4   0x08001aa4   0x0000000c   Code   RO         2065    i.HAL_RCC_GetHCLKFreq  stm32f1xx_hal_rcc.o
    0x08001ab0   0x08001ab0   0x00000020   Code   RO         2067    i.HAL_RCC_GetPCLK1Freq  stm32f1xx_hal_rcc.o
    0x08001ad0   0x08001ad0   0x00000020   Code   RO         2068    i.HAL_RCC_GetPCLK2Freq  stm32f1xx_hal_rcc.o
    0x08001af0   0x08001af0   0x00000078   Code   RO         2069    i.HAL_RCC_GetSysClockFreq  stm32f1xx_hal_rcc.o
    0x08001b68   0x08001b68   0x0000042c   Code   RO         2072    i.HAL_RCC_OscConfig  stm32f1xx_hal_rcc.o
    0x08001f94   0x08001f94   0x00000002   Code   RO         2378    i.HAL_SYSTICK_Callback  stm32f1xx_hal_cortex.o
    0x08001f96   0x08001f96   0x00000002   PAD
    0x08001f98   0x08001f98   0x00000028   Code   RO         2379    i.HAL_SYSTICK_Config  stm32f1xx_hal_cortex.o
    0x08001fc0   0x08001fc0   0x00000008   Code   RO         2380    i.HAL_SYSTICK_IRQHandler  stm32f1xx_hal_cortex.o
    0x08001fc8   0x08001fc8   0x00000066   Code   RO         3596    i.HAL_TIMEx_ConfigBreakDeadTime  stm32f1xx_hal_tim_ex.o
    0x0800202e   0x0800202e   0x000000c0   Code   RO         3602    i.HAL_TIMEx_HallSensor_Init  stm32f1xx_hal_tim_ex.o
    0x080020ee   0x080020ee   0x00000002   Code   RO         3604    i.HAL_TIMEx_HallSensor_MspInit  stm32f1xx_hal_tim_ex.o
    0x080020f0   0x080020f0   0x0000004e   Code   RO         3611    i.HAL_TIMEx_MasterConfigSynchronization  stm32f1xx_hal_tim_ex.o
    0x0800213e   0x0800213e   0x00000038   Code   RO         2907    i.HAL_TIM_Base_Init  stm32f1xx_hal_tim.o
    0x08002176   0x08002176   0x00000002   PAD
    0x08002178   0x08002178   0x0000008c   Code   RO         1472    i.HAL_TIM_Base_MspInit  stm32f1xx_hal_msp.o
    0x08002204   0x08002204   0x000000e4   Code   RO         2916    i.HAL_TIM_ConfigClockSource  stm32f1xx_hal_tim.o
    0x080022e8   0x080022e8   0x00000064   Code   RO         1473    i.HAL_TIM_MspPostInit  stm32f1xx_hal_msp.o
    0x0800234c   0x0800234c   0x000000dc   Code   RO         2974    i.HAL_TIM_PWM_ConfigChannel  stm32f1xx_hal_tim.o
    0x08002428   0x08002428   0x00000038   Code   RO         2977    i.HAL_TIM_PWM_Init  stm32f1xx_hal_tim.o
    0x08002460   0x08002460   0x00000002   Code   RO         2979    i.HAL_TIM_PWM_MspInit  stm32f1xx_hal_tim.o
    0x08002462   0x08002462   0x00000052   Code   RO         2991    i.HAL_TIM_SlaveConfigSynchro  stm32f1xx_hal_tim.o
    0x080024b4   0x080024b4   0x00000064   Code   RO         3869    i.HAL_UART_Init     stm32f1xx_hal_uart.o
    0x08002518   0x08002518   0x00000074   Code   RO         1475    i.HAL_UART_MspInit  stm32f1xx_hal_msp.o
    0x0800258c   0x0800258c   0x0000006c   Code   RO         1177    i.HardFault_Handler  stm32f10x_mc_it.o
    0x080025f8   0x080025f8   0x00000010   Code   RO          947    i.MCI_Clear_Iqdref  mc_interface.o
    0x08002608   0x08002608   0x00000008   Code   RO          948    i.MCI_EncoderAlign  mc_interface.o
    0x08002610   0x08002610   0x00000078   Code   RO          949    i.MCI_ExecBufferedCommands  mc_interface.o
    0x08002688   0x08002688   0x0000000e   Code   RO          950    i.MCI_ExecSpeedRamp  mc_interface.o
    0x08002696   0x08002696   0x00000012   Code   RO          951    i.MCI_ExecTorqueRamp  mc_interface.o
    0x080026a8   0x080026a8   0x00000006   Code   RO          952    i.MCI_FaultAcknowledged  mc_interface.o
    0x080026ae   0x080026ae   0x00000010   Code   RO          953    i.MCI_GetAvrgMecSpeedUnit  mc_interface.o
    0x080026be   0x080026be   0x00000004   Code   RO          954    i.MCI_GetControlMode  mc_interface.o
    0x080026c2   0x080026c2   0x00000006   Code   RO          957    i.MCI_GetIab        mc_interface.o
    0x080026c8   0x080026c8   0x00000006   Code   RO          958    i.MCI_GetIalphabeta  mc_interface.o
    0x080026ce   0x080026ce   0x00000006   Code   RO          960    i.MCI_GetIqd        mc_interface.o
    0x080026d4   0x080026d4   0x00000006   Code   RO          962    i.MCI_GetIqdref     mc_interface.o
    0x080026da   0x080026da   0x00000010   Code   RO          963    i.MCI_GetLastRampFinalSpeed  mc_interface.o
    0x080026ea   0x080026ea   0x00000006   Code   RO          964    i.MCI_GetMecSpeedRefUnit  mc_interface.o
    0x080026f0   0x080026f0   0x00000006   Code   RO          968    i.MCI_GetSTMState   mc_interface.o
    0x080026f6   0x080026f6   0x00000008   Code   RO          970    i.MCI_GetTeref      mc_interface.o
    0x080026fe   0x080026fe   0x00000008   Code   RO          971    i.MCI_GetValphabeta  mc_interface.o
    0x08002706   0x08002706   0x00000008   Code   RO          972    i.MCI_GetVqd        mc_interface.o
    0x0800270e   0x0800270e   0x00000014   Code   RO          973    i.MCI_Init          mc_interface.o
    0x08002722   0x08002722   0x00000014   Code   RO          976    i.MCI_SetCurrentReferences  mc_interface.o
    0x08002736   0x08002736   0x0000000a   Code   RO          977    i.MCI_SetIdref      mc_interface.o
    0x08002740   0x08002740   0x00000016   Code   RO          978    i.MCI_StartMotor    mc_interface.o
    0x08002756   0x08002756   0x00000008   Code   RO          979    i.MCI_StopMotor     mc_interface.o
    0x0800275e   0x0800275e   0x00000006   Code   RO          980    i.MCI_StopRamp      mc_interface.o
    0x08002764   0x08002764   0x00000048   Code   RO          884    i.MCM_Clarke        mc_math.o
    0x080027ac   0x080027ac   0x00000080   Code   RO          885    i.MCM_Park          mc_math.o
    0x0800282c   0x0800282c   0x00000030   Code   RO          886    i.MCM_Rev_Park      mc_math.o
    0x0800285c   0x0800285c   0x00000074   Code   RO          888    i.MCM_Trig_Functions  mc_math.o
    0x080028d0   0x080028d0   0x00000040   Code   RO          563    i.MCP_Init          motor_control_protocol.o
    0x08002910   0x08002910   0x00000008   Code   RO          564    i.MCP_OnTimeOut     motor_control_protocol.o
    0x08002918   0x08002918   0x00000668   Code   RO          565    i.MCP_ReceivedFrame  motor_control_protocol.o
    0x08002f80   0x08002f80   0x00000008   Code   RO          570    i.MCP_SentFrame     motor_control_protocol.o
    0x08002f88   0x08002f88   0x0000001a   Code   RO          571    i.MCP_WaitNextFrame  motor_control_protocol.o
    0x08002fa2   0x08002fa2   0x00000002   PAD
    0x08002fa4   0x08002fa4   0x0000000c   Code   RO          375    i.MC_GetSTMStateMotor1  mc_api.o
    0x08002fb0   0x08002fb0   0x00000020   Code   RO          684    i.MC_RunMotorControlTasks  mc_tasks.o
    0x08002fd0   0x08002fd0   0x00000040   Code   RO          685    i.MC_Scheduler      mc_tasks.o
    0x08003010   0x08003010   0x0000000c   Code   RO          385    i.MC_StartMotor1    mc_api.o
    0x0800301c   0x0800301c   0x0000000c   Code   RO          386    i.MC_StopMotor1     mc_api.o
    0x08003028   0x08003028   0x0000018c   Code   RO          686    i.MCboot            mc_tasks.o
    0x080031b4   0x080031b4   0x00000044   Code   RO         4347    i.MPM_CalcElMotorPower  motor_power_measurement.o
    0x080031f8   0x080031f8   0x0000001a   Code   RO         4348    i.MPM_Clear         motor_power_measurement.o
    0x08003212   0x08003212   0x00000006   Code   RO         4349    i.MPM_GetAvrgElMotorPowerW  motor_power_measurement.o
    0x08003218   0x08003218   0x00000038   Code   RO          321    i.MX_MotorControl_Init  motorcontrol.o
    0x08003250   0x08003250   0x0000003e   Code   RO         4389    i.NTC_CalcAvTemp    ntc_temperature_sensor.o
    0x0800328e   0x0800328e   0x00000006   Code   RO         4391    i.NTC_Clear         ntc_temperature_sensor.o
    0x08003294   0x08003294   0x00000026   Code   RO         4392    i.NTC_GetAvTemp_C   ntc_temperature_sensor.o
    0x080032ba   0x080032ba   0x00000026   Code   RO         4394    i.NTC_Init          ntc_temperature_sensor.o
    0x080032e0   0x080032e0   0x0000001a   Code   RO         4395    i.NTC_SetFaultState  ntc_temperature_sensor.o
    0x080032fa   0x080032fa   0x00000006   Code   RO         4500    i.PID_GetKD         pid_regulator.o
    0x08003300   0x08003300   0x00000006   Code   RO         4502    i.PID_GetKI         pid_regulator.o
    0x08003306   0x08003306   0x00000004   Code   RO         4503    i.PID_GetKIDivisor  pid_regulator.o
    0x0800330a   0x0800330a   0x00000006   Code   RO         4504    i.PID_GetKP         pid_regulator.o
    0x08003310   0x08003310   0x00000004   Code   RO         4505    i.PID_GetKPDivisor  pid_regulator.o
    0x08003314   0x08003314   0x00000014   Code   RO         4506    i.PID_HandleInit    pid_regulator.o
    0x08003328   0x08003328   0x00000004   Code   RO         4507    i.PID_SetIntegralTerm  pid_regulator.o
    0x0800332c   0x0800332c   0x00000004   Code   RO         4508    i.PID_SetKD         pid_regulator.o
    0x08003330   0x08003330   0x00000004   Code   RO         4510    i.PID_SetKI         pid_regulator.o
    0x08003334   0x08003334   0x00000004   Code   RO         4512    i.PID_SetKP         pid_regulator.o
    0x08003338   0x08003338   0x0000008c   Code   RO         4519    i.PI_Controller     pid_regulator.o
    0x080033c4   0x080033c4   0x00000074   Code   RO         4653    i.PQD_CalcElMotorPower  pqd_motor_power_measurement.o
    0x08003438   0x08003438   0x00000004   Code   RO         4677    i.PWMC_CheckOverCurrent  pwm_curr_fdbk.o
    0x0800343c   0x0800343c   0x0000004a   Code   RO         4678    i.PWMC_CurrentReadingCalibr  pwm_curr_fdbk.o
    0x08003486   0x08003486   0x00000004   Code   RO         4679    i.PWMC_GetPhaseCurrents  pwm_curr_fdbk.o
    0x0800348a   0x0800348a   0x0000021a   Code   RO         4697    i.PWMC_SetPhaseVoltage  pwm_curr_fdbk.o
    0x080036a4   0x080036a4   0x00000004   Code   RO         4698    i.PWMC_SwitchOffPWM  pwm_curr_fdbk.o
    0x080036a8   0x080036a8   0x00000004   Code   RO         4699    i.PWMC_SwitchOnPWM  pwm_curr_fdbk.o
    0x080036ac   0x080036ac   0x00000004   Code   RO         4700    i.PWMC_TurnOnLowSides  pwm_curr_fdbk.o
    0x080036b0   0x080036b0   0x00000038   Code   RO         5331    i.R3_2_BRK_IRQHandler  r3_2_f1xx_pwm_curr_fdbk.o
    0x080036e8   0x080036e8   0x0000014c   Code   RO         5332    i.R3_2_CurrentReadingPolarization  r3_2_f1xx_pwm_curr_fdbk.o
    0x08003834   0x08003834   0x00000124   Code   RO         5333    i.R3_2_GetPhaseCurrents  r3_2_f1xx_pwm_curr_fdbk.o
    0x08003958   0x08003958   0x00000056   Code   RO         5334    i.R3_2_HFCurrentsPolarizationAB  r3_2_f1xx_pwm_curr_fdbk.o
    0x080039ae   0x080039ae   0x0000003e   Code   RO         5335    i.R3_2_HFCurrentsPolarizationC  r3_2_f1xx_pwm_curr_fdbk.o
    0x080039ec   0x080039ec   0x000000c0   Code   RO         5336    i.R3_2_Init         r3_2_f1xx_pwm_curr_fdbk.o
    0x08003aac   0x08003aac   0x00000016   Code   RO         5337    i.R3_2_IsOverCurrentOccurred  r3_2_f1xx_pwm_curr_fdbk.o
    0x08003ac2   0x08003ac2   0x00000014   Code   RO         5338    i.R3_2_SetADCSampPointPolarization  r3_2_f1xx_pwm_curr_fdbk.o
    0x08003ad6   0x08003ad6   0x0000005e   Code   RO         5339    i.R3_2_SetADCSampPointSectX  r3_2_f1xx_pwm_curr_fdbk.o
    0x08003b34   0x08003b34   0x0000005c   Code   RO         5340    i.R3_2_SwitchOffPWM  r3_2_f1xx_pwm_curr_fdbk.o
    0x08003b90   0x08003b90   0x000000c8   Code   RO         5341    i.R3_2_SwitchOnPWM  r3_2_f1xx_pwm_curr_fdbk.o
    0x08003c58   0x08003c58   0x000000d0   Code   RO         5342    i.R3_2_TIMx_UP_IRQHandler  r3_2_f1xx_pwm_curr_fdbk.o
    0x08003d28   0x08003d28   0x0000005a   Code   RO         5343    i.R3_2_TurnOnLowSides  r3_2_f1xx_pwm_curr_fdbk.o
    0x08003d82   0x08003d82   0x0000003a   Code   RO         5344    i.R3_2_WriteTIMRegisters  r3_2_f1xx_pwm_curr_fdbk.o
    0x08003dbc   0x08003dbc   0x00000024   Code   RO         2073    i.RCC_Delay         stm32f1xx_hal_rcc.o
    0x08003de0   0x08003de0   0x0000007c   Code   RO          818    i.RCM_ExecRegularConv  regular_conversion_manager.o
    0x08003e5c   0x08003e5c   0x00000044   Code   RO          819    i.RCM_ExecUserConv  regular_conversion_manager.o
    0x08003ea0   0x08003ea0   0x0000011c   Code   RO          822    i.RCM_RegisterRegConv  regular_conversion_manager.o
    0x08003fbc   0x08003fbc   0x00000010   Code   RO         4878    i.REMNG_Init        ramp_ext_mngr.o
    0x08003fcc   0x08003fcc   0x00000006   Code   RO         4936    i.SPD_GetAvrgMecSpeedUnit  speed_pos_fdbk.o
    0x08003fd2   0x08003fd2   0x00000006   Code   RO         4937    i.SPD_GetElAngle    speed_pos_fdbk.o
    0x08003fd8   0x08003fd8   0x00000006   Code   RO         4940    i.SPD_GetInstElSpeedDpp  speed_pos_fdbk.o
    0x08003fde   0x08003fde   0x00000014   Code   RO         4942    i.SPD_GetS16Speed   speed_pos_fdbk.o
    0x08003ff2   0x08003ff2   0x00000064   Code   RO         4943    i.SPD_IsMecSpeedReliable  speed_pos_fdbk.o
    0x08004056   0x08004056   0x00000060   Code   RO         5013    i.STC_CalcTorqueReference  speed_torq_ctrl.o
    0x080040b6   0x080040b6   0x00000010   Code   RO         5014    i.STC_Clear         speed_torq_ctrl.o
    0x080040c6   0x080040c6   0x0000009a   Code   RO         5015    i.STC_ExecRamp      speed_torq_ctrl.o
    0x08004160   0x08004160   0x00000010   Code   RO         5016    i.STC_ForceSpeedReferenceToCurrentSpeed  speed_torq_ctrl.o
    0x08004170   0x08004170   0x00000014   Code   RO         5018    i.STC_GetDefaultIqdref  speed_torq_ctrl.o
    0x08004184   0x08004184   0x00000004   Code   RO         5019    i.STC_GetMaxAppPositiveMecSpeedUnit  speed_torq_ctrl.o
    0x08004188   0x08004188   0x0000000c   Code   RO         5020    i.STC_GetMecSpeedRefUnit  speed_torq_ctrl.o
    0x08004194   0x08004194   0x00000006   Code   RO         5021    i.STC_GetMecSpeedRefUnitDefault  speed_torq_ctrl.o
    0x0800419a   0x0800419a   0x00000006   Code   RO         5022    i.STC_GetMinAppNegativeMecSpeedUnit  speed_torq_ctrl.o
    0x080041a0   0x080041a0   0x00000004   Code   RO         5023    i.STC_GetSpeedSensor  speed_torq_ctrl.o
    0x080041a4   0x080041a4   0x0000000c   Code   RO         5024    i.STC_GetTorqueRef  speed_torq_ctrl.o
    0x080041b0   0x080041b0   0x00000020   Code   RO         5025    i.STC_Init          speed_torq_ctrl.o
    0x080041d0   0x080041d0   0x00000008   Code   RO         5027    i.STC_SetControlMode  speed_torq_ctrl.o
    0x080041d8   0x080041d8   0x00000008   Code   RO         5030    i.STC_StopRamp      speed_torq_ctrl.o
    0x080041e0   0x080041e0   0x00000016   Code   RO         5145    i.STM_FaultAcknowledged  state_machine.o
    0x080041f6   0x080041f6   0x00000036   Code   RO         5146    i.STM_FaultProcessing  state_machine.o
    0x0800422c   0x0800422c   0x0000000a   Code   RO         5147    i.STM_GetFaultState  state_machine.o
    0x08004236   0x08004236   0x00000004   Code   RO         5148    i.STM_GetState      state_machine.o
    0x0800423a   0x0800423a   0x0000000a   Code   RO         5149    i.STM_Init          state_machine.o
    0x08004244   0x08004244   0x00000154   Code   RO         5150    i.STM_NextState     state_machine.o
    0x08004398   0x08004398   0x00000028   Code   RO         1178    i.SysTick_Handler   stm32f10x_mc_it.o
    0x080043c0   0x080043c0   0x00000048   Code   RO         1536    i.SystemInit        system_stm32f1xx.o
    0x08004408   0x08004408   0x00000028   Code   RO         1179    i.TIM1_BRK_TIM9_IRQHandler  stm32f10x_mc_it.o
    0x08004430   0x08004430   0x00000018   Code   RO         1180    i.TIM1_UP_TIM10_IRQHandler  stm32f10x_mc_it.o
    0x08004448   0x08004448   0x0000003c   Code   RO         1181    i.TIM4_IRQHandler   stm32f10x_mc_it.o
    0x08004484   0x08004484   0x000000cc   Code   RO         2995    i.TIM_Base_SetConfig  stm32f1xx_hal_tim.o
    0x08004550   0x08004550   0x00000016   Code   RO         3006    i.TIM_ETR_SetConfig  stm32f1xx_hal_tim.o
    0x08004566   0x08004566   0x00000010   Code   RO         3007    i.TIM_ITRx_SetConfig  stm32f1xx_hal_tim.o
    0x08004576   0x08004576   0x00000002   PAD
    0x08004578   0x08004578   0x00000070   Code   RO         3008    i.TIM_OC1_SetConfig  stm32f1xx_hal_tim.o
    0x080045e8   0x080045e8   0x00000078   Code   RO         3009    i.TIM_OC2_SetConfig  stm32f1xx_hal_tim.o
    0x08004660   0x08004660   0x00000078   Code   RO         3010    i.TIM_OC3_SetConfig  stm32f1xx_hal_tim.o
    0x080046d8   0x080046d8   0x00000058   Code   RO         3011    i.TIM_OC4_SetConfig  stm32f1xx_hal_tim.o
    0x08004730   0x08004730   0x00000094   Code   RO         3012    i.TIM_SlaveTimer_SetConfig  stm32f1xx_hal_tim.o
    0x080047c4   0x080047c4   0x00000026   Code   RO         3013    i.TIM_TI1_ConfigInputStage  stm32f1xx_hal_tim.o
    0x080047ea   0x080047ea   0x0000008e   Code   RO         3014    i.TIM_TI1_SetConfig  stm32f1xx_hal_tim.o
    0x08004878   0x08004878   0x00000024   Code   RO         3015    i.TIM_TI2_ConfigInputStage  stm32f1xx_hal_tim.o
    0x0800489c   0x0800489c   0x00000014   Code   RO          687    i.TSK_ChargeBootCapDelayHasElapsedM1  mc_tasks.o
    0x080048b0   0x080048b0   0x00000020   Code   RO          688    i.TSK_HardwareFaultTask  mc_tasks.o
    0x080048d0   0x080048d0   0x000000cc   Code   RO          689    i.TSK_HighFrequencyTask  mc_tasks.o
    0x0800499c   0x0800499c   0x00000160   Code   RO          690    i.TSK_MediumFrequencyTaskM1  mc_tasks.o
    0x08004afc   0x08004afc   0x00000020   Code   RO          691    i.TSK_SafetyTask    mc_tasks.o
    0x08004b1c   0x08004b1c   0x00000084   Code   RO          692    i.TSK_SafetyTask_PWMOFF  mc_tasks.o
    0x08004ba0   0x08004ba0   0x0000000c   Code   RO          693    i.TSK_SetChargeBootCapDelayM1  mc_tasks.o
    0x08004bac   0x08004bac   0x0000000c   Code   RO          694    i.TSK_SetStopPermanencyTimeM1  mc_tasks.o
    0x08004bb8   0x08004bb8   0x00000014   Code   RO          695    i.TSK_StopPermanencyTimeHasElapsedM1  mc_tasks.o
    0x08004bcc   0x08004bcc   0x00000134   Code   RO         3896    i.UART_SetConfig    stm32f1xx_hal_uart.o
    0x08004d00   0x08004d00   0x00000008   Code   RO         5524    i.UFCP_AbortReceive  usart_frame_communication_protocol.o
    0x08004d08   0x08004d08   0x00000004   Code   RO         5525    i.UFCP_Init         usart_frame_communication_protocol.o
    0x08004d0c   0x08004d0c   0x00000012   Code   RO         5526    i.UFCP_OVR_IRQ_Handler  usart_frame_communication_protocol.o
    0x08004d1e   0x08004d1e   0x00000002   PAD
    0x08004d20   0x08004d20   0x000000c0   Code   RO         5527    i.UFCP_RX_IRQ_Handler  usart_frame_communication_protocol.o
    0x08004de0   0x08004de0   0x00000028   Code   RO         5528    i.UFCP_Receive      usart_frame_communication_protocol.o
    0x08004e08   0x08004e08   0x00000054   Code   RO         5529    i.UFCP_Send         usart_frame_communication_protocol.o
    0x08004e5c   0x08004e5c   0x00000064   Code   RO         5531    i.UFCP_TX_IRQ_Handler  usart_frame_communication_protocol.o
    0x08004ec0   0x08004ec0   0x0000006c   Code   RO         1351    i.UI_ExecCmd        user_interface.o
    0x08004f2c   0x08004f2c   0x00000030   Code   RO         1352    i.UI_ExecSpeedRamp  user_interface.o
    0x08004f5c   0x08004f5c   0x00000012   Code   RO         1353    i.UI_ExecTorqueRamp  user_interface.o
    0x08004f6e   0x08004f6e   0x00000004   Code   RO         1354    i.UI_GetMPInfo      user_interface.o
    0x08004f72   0x08004f72   0x00000002   PAD
    0x08004f74   0x08004f74   0x00000330   Code   RO         1355    i.UI_GetReg         user_interface.o
    0x080052a4   0x080052a4   0x00000048   Code   RO         1356    i.UI_GetRevupData   user_interface.o
    0x080052ec   0x080052ec   0x00000004   Code   RO         1357    i.UI_GetSelectedMC  user_interface.o
    0x080052f0   0x080052f0   0x00000018   Code   RO         1270    i.UI_HandleStartStopButton_cb  ui_task.o
    0x08005308   0x08005308   0x00000014   Code   RO         1359    i.UI_Init           user_interface.o
    0x0800531c   0x0800531c   0x0000002c   Code   RO         1272    i.UI_Scheduler      ui_task.o
    0x08005348   0x08005348   0x00000010   Code   RO         1360    i.UI_SelectMC       user_interface.o
    0x08005358   0x08005358   0x0000000c   Code   RO         1275    i.UI_SerialCommunicationTimeOutStart  ui_task.o
    0x08005364   0x08005364   0x0000000c   Code   RO         1276    i.UI_SerialCommunicationTimeOutStop  ui_task.o
    0x08005370   0x08005370   0x00000018   Code   RO         1361    i.UI_SetCurrentReferences  user_interface.o
    0x08005388   0x08005388   0x0000014c   Code   RO         1362    i.UI_SetReg         user_interface.o
    0x080054d4   0x080054d4   0x00000036   Code   RO         1363    i.UI_SetRevupData   user_interface.o
    0x0800550a   0x0800550a   0x00000002   PAD
    0x0800550c   0x0800550c   0x00000074   Code   RO         1278    i.UI_TaskInit       ui_task.o
    0x08005580   0x08005580   0x0000006c   Code   RO         1182    i.USART1_IRQHandler  stm32f10x_mc_it.o
    0x080055ec   0x080055ec   0x0000000a   Code   RO         4176    i.VBS_GetAvBusVoltage_V  bus_voltage_sensor.o
    0x080055f6   0x080055f6   0x0000002c   Code   RO         5237    i.VSS_Clear         virtual_speed_sensor.o
    0x08005622   0x08005622   0x00000008   Code   RO         5242    i.VSS_SetCopyObserver  virtual_speed_sensor.o
    0x0800562a   0x0800562a   0x00000078   Code   RO         5244    i.VSS_SetMecAcceleration  virtual_speed_sensor.o
    0x080056a2   0x080056a2   0x0000000e   Code   RO         5245    i.VSS_SetMecAngle   virtual_speed_sensor.o
    0x080056b0   0x080056b0   0x0000000c   Code   RO         5200    i.VVBS_Init         virtual_bus_voltage_sensor.o
    0x080056bc   0x080056bc   0x0000000e   Code   RO         5631    i.__scatterload_copy  mc_w.l(handlers.o)
    0x080056ca   0x080056ca   0x00000002   Code   RO         5632    i.__scatterload_null  mc_w.l(handlers.o)
    0x080056cc   0x080056cc   0x0000000e   Code   RO         5633    i.__scatterload_zeroinit  mc_w.l(handlers.o)
    0x080056da   0x080056da   0x00000002   PAD
    0x080056dc   0x080056dc   0x000003a4   Code   RO           15    i.main              main.o
    0x08005a80   0x08005a80   0x000000e8   Code   RO          696    i.mc_lock_pins      mc_tasks.o
    0x08005b68   0x08005b68   0x00000068   Code   RO         4839    i.startTimers       pwm_common.o
    0x08005bd0   0x08005bd0   0x0000005a   Code   RO         4840    i.waitForPolarizationEnd  pwm_common.o
    0x08005c2a   0x08005c2a   0x00000020   Data   RO          322    .constdata          motorcontrol.o
    0x08005c4a   0x08005c4a   0x00000002   PAD
    0x08005c4c   0x08005c4c   0x00000002   Data   RO          698    .constdata          mc_tasks.o
    0x08005c4e   0x08005c4e   0x00000200   Data   RO          890    .constdata          mc_math.o
    0x08005e4e   0x08005e4e   0x00000002   PAD
    0x08005e50   0x08005e50   0x00000090   Data   RO         1248    .constdata          mc_parameters.o
    0x08005ee0   0x08005ee0   0x00000010   Data   RO         1537    .constdata          system_stm32f1xx.o
    0x08005ef0   0x08005ef0   0x00000008   Data   RO         1538    .constdata          system_stm32f1xx.o
    0x08005ef8   0x08005ef8   0x0000000e   Data   RO         4282    .constdata          hall_speed_pos_fdbk.o
    0x08005f06   0x08005f06   0x0000000e   Data   RO         5345    .constdata          r3_2_f1xx_pwm_curr_fdbk.o
    0x08005f14   0x08005f14   0x00000006   Data   RO         5532    .constdata          usart_frame_communication_protocol.o
    0x08005f1a   0x08005f1a   0x00000002   PAD
    0x08005f1c   0x08005f1c   0x00000020   Data   RO         5629    Region$$Table       anon$$obj.o


    Execution Region RW_IRAM1 (Exec base: 0x20000000, Load base: 0x08005f3c, Size: 0x00000cb0, Max: 0x00018000, ABSOLUTE, COMPRESSED[0x0000015c])

    Exec Addr    Load Addr    Size         Type   Attr      Idx    E Section Name        Object

    0x20000000   COMPRESSED   0x0000000c   Data   RW          323    .data               motorcontrol.o
    0x2000000c   COMPRESSED   0x00000008   Data   RW          572    .data               motor_control_protocol.o
    0x20000014   COMPRESSED   0x00000114   Data   RW          639    .data               mc_config.o
    0x20000128   COMPRESSED   0x0000002c   Data   RW          641    .data               mc_config.o
    0x20000154   COMPRESSED   0x0000002c   Data   RW          642    .data               mc_config.o
    0x20000180   COMPRESSED   0x0000002c   Data   RW          643    .data               mc_config.o
    0x200001ac   COMPRESSED   0x00000034   Data   RW          644    .data               mc_config.o
    0x200001e0   COMPRESSED   0x00000078   Data   RW          645    .data               mc_config.o
    0x20000258   COMPRESSED   0x000000c8   Data   RW          646    .data               mc_config.o
    0x20000320   COMPRESSED   0x00000028   Data   RW          647    .data               mc_config.o
    0x20000348   COMPRESSED   0x0000000c   Data   RW          648    .data               mc_config.o
    0x20000354   COMPRESSED   0x00000018   Data   RW          649    .data               mc_config.o
    0x2000036c   COMPRESSED   0x000000b4   Data   RW          650    .data               mc_config.o
    0x20000420   COMPRESSED   0x0000013c   Data   RW          651    .data               mc_config.o
    0x2000055c   COMPRESSED   0x0000003a   Data   RW          699    .data               mc_tasks.o
    0x20000596   COMPRESSED   0x00000004   Data   RW          826    .data               regular_conversion_manager.o
    0x2000059a   COMPRESSED   0x00000001   Data   RW         1183    .data               stm32f10x_mc_it.o
    0x2000059b   COMPRESSED   0x00000001   PAD
    0x2000059c   COMPRESSED   0x0000000c   Data   RW         1280    .data               ui_task.o
    0x200005a8   COMPRESSED   0x00000004   Data   RW         1539    .data               system_stm32f1xx.o
    0x200005ac   COMPRESSED   0x0000000c   Data   RW         1910    .data               stm32f1xx_hal.o
    0x200005b8        -       0x00000120   Zero   RW           16    .bss                main.o
    0x200006d8        -       0x00000044   Zero   RW           17    .bss                main.o
    0x2000071c        -       0x00000018   Zero   RW          638    .bss                mc_config.o
    0x20000734        -       0x00000098   Zero   RW          697    .bss                mc_tasks.o
    0x200007cc        -       0x00000030   Zero   RW          825    .bss                regular_conversion_manager.o
    0x200007fc        -       0x000000b0   Zero   RW         1279    .bss                ui_task.o
    0x200008ac   COMPRESSED   0x00000004   PAD
    0x200008b0        -       0x00000400   Zero   RW            1    STACK               startup_stm32f103xg.o


==============================================================================

Image component sizes


      Code (inc. data)   RO Data    RW Data    ZI Data      Debug   Object Name

        10          0          0          0          0       1108   bus_voltage_sensor.o
        92          0          0          0          0       1364   circle_limitation.o
         0          0          0          0          0       9484   digital_output.o
       110          0          0          0          0       2749   frame_communication_protocol.o
      1914         30         14          0          0      44184   hall_speed_pos_fdbk.o
       934         56          0          0        356     562557   main.o
        36         12          0          0          0       1372   mc_api.o
         0          0          0       1352         24       1461   mc_config.o
       364          0          0          0          0      13235   mc_interface.o
       364         18        512          0          0       5929   mc_math.o
         0          0        144          0          0        252   mc_parameters.o
      1702        250          2         58        152      21994   mc_tasks.o
      1746        642          0          8          0       6216   motor_control_protocol.o
       100          0          0          0          0       2526   motor_power_measurement.o
        56          8         32         12          0       1351   motorcontrol.o
       170          0          0          0          0       3886   ntc_temperature_sensor.o
       202          4          0          0          0       7481   pid_regulator.o
       116          4          0          0          0       1383   pqd_motor_power_measurement.o
       194          4          0          0          0      30447   pwm_common.o
       632          0          0          0          0       5696   pwm_curr_fdbk.o
      1804         52         14          0          0      75983   r3_2_f1xx_pwm_curr_fdbk.o
        16          0          0          0          0       1005   ramp_ext_mngr.o
       476         30          0          4         48      35120   regular_conversion_manager.o
       138          0          0          0          0       4002   speed_pos_fdbk.o
       394          0          0          0          0      10028   speed_torq_ctrl.o
        36          8        304          0       1024        820   startup_stm32f103xg.o
       440         22          0          0          0       4880   state_machine.o
       424         42          0          1          0      19081   stm32f10x_mc_it.o
       132         24          0         12          0       6973   stm32f1xx_hal.o
       406         10          0          0          0       2380   stm32f1xx_hal_adc.o
       624         10          0          0          0       1802   stm32f1xx_hal_adc_ex.o
       218         16          0          0          0      31559   stm32f1xx_hal_cortex.o
       168         24          0          0          0       1191   stm32f1xx_hal_dma.o
       550         12          0          0          0       2944   stm32f1xx_hal_gpio.o
       632         62          0          0          0       4172   stm32f1xx_hal_msp.o
      1696        102          0          0          0       7544   stm32f1xx_hal_rcc.o
       304         14          0          0          0       1500   stm32f1xx_hal_rcc_ex.o
      1690         54          0          0          0      13611   stm32f1xx_hal_tim.o
       374          0          0          0          0       3747   stm32f1xx_hal_tim_ex.o
       408          6          0          0          0       1848   stm32f1xx_hal_uart.o
        72         12         24          4          0       1211   system_stm32f1xx.o
       208         40          0         12        176       3481   ui_task.o
       446         12          6          0          0      21314   usart_frame_communication_protocol.o
      1516         98          0          0          0      10964   user_interface.o
        12          0          0          0          0       1052   virtual_bus_voltage_sensor.o
       186          0          0          0          0       3285   virtual_speed_sensor.o

    ----------------------------------------------------------------------
     22134       1678       1090       1464       1784     996172   Object Totals
         0          0         32          0          0          0   (incl. Generated)
        22          0          6          1          4          0   (incl. Padding)

    ----------------------------------------------------------------------

      Code (inc. data)   RO Data    RW Data    ZI Data      Debug   Library Member Name

       976          0          0          0          0        372   revup_ctrl.o
        86          0          0          0          0          0   __dczerorl2.o
         0          0          0          0          0          0   entry.o
         0          0          0          0          0          0   entry10a.o
         0          0          0          0          0          0   entry11a.o
         4          0          0          0          0          0   entry12b.o
         8          4          0          0          0          0   entry2.o
         4          0          0          0          0          0   entry5.o
         0          0          0          0          0          0   entry7b.o
         0          0          0          0          0          0   entry8b.o
         8          4          0          0          0          0   entry9a.o
        30          0          0          0          0          0   handlers.o
        36          8          0          0          0         68   init.o

    ----------------------------------------------------------------------
      1156         16          0          0          0        440   Library Totals
         4          0          0          0          0          0   (incl. Padding)

    ----------------------------------------------------------------------

      Code (inc. data)   RO Data    RW Data    ZI Data      Debug   Library Name

       976          0          0          0          0        372   libmc-keil_M3.lib
       176         16          0          0          0         68   mc_w.l

    ----------------------------------------------------------------------
      1156         16          0          0          0        440   Library Totals

    ----------------------------------------------------------------------

==============================================================================


      Code (inc. data)   RO Data    RW Data    ZI Data      Debug   

     23290       1694       1090       1464       1784     985144   Grand Totals
     23290       1694       1090        348       1784     985144   ELF Image Totals (compressed)
     23290       1694       1090        348          0          0   ROM Totals

==============================================================================

    Total RO  Size (Code + RO Data)                24380 (  23.81kB)
    Total RW  Size (RW Data + ZI Data)              3248 (   3.17kB)
    Total ROM Size (Code + RO Data + RW Data)      24728 (  24.15kB)

==============================================================================

