<html>
<body>
<pre>
<h1>µVision Build Log</h1>
<h2>Tool Versions:</h2>
IDE-Version: ¦ÌVision V5.36.0.0
Copyright (C) 2021 ARM Ltd and ARM Germany GmbH. All rights reserved.
License Information:  ,  , LIC=HN0AE-5CQSF-EVN1R-K4XY7-Y7SGY-0IRVG
 
Tool Versions:
Toolchain:       MDK-ARM Plus  Version: 5.36.0.0
Toolchain Path:  C:\Keil_v5\ARM\ARMCC\Bin
C Compiler:      Armcc.exe V5.06 update 7 (build 960)
Assembler:       Armasm.exe V5.06 update 7 (build 960)
Linker/Locator:  ArmLink.exe V5.06 update 7 (build 960)
Library Manager: ArmAr.exe V5.06 update 7 (build 960)
Hex Converter:   FromElf.exe V5.06 update 7 (build 960)
CPU DLL:         SARMCM3.DLL V5.36.0.0
Dialog DLL:      DCM.DLL V1.17.3.0
Target DLL:      CMSIS_AGDI.dll V1.33.0.0
Dialog DLL:      TCM.DLL V1.53.0.0
 
<h2>Project:</h2>
F:\BaiduNetdiskDownload\BLDC_FOC_V5.44_Hall_speed_control\BLDC_control\MDK-ARM\BLDC_control.uvprojx
Project File Date:  09/12/2022

<h2>Output:</h2>
*** Using Compiler 'V5.06 update 7 (build 960)', folder: 'C:\Keil_v5\ARM\ARMCC\Bin'
Rebuild target 'BLDC_control'
assembling startup_stm32f103xg.s...
compiling main.c...
compiling mc_config.c...
compiling motorcontrol.c...
compiling mc_api.c...
compiling motor_control_protocol.c...
compiling mc_tasks.c...
compiling regular_conversion_manager.c...
compiling mc_math.c...
compiling mc_parameters.c...
compiling mc_interface.c...
compiling stm32f10x_mc_it.c...
compiling ui_task.c...
compiling stm32f1xx_it.c...
compiling user_interface.c...
compiling system_stm32f1xx.c...
compiling stm32f1xx_hal_gpio_ex.c...
compiling stm32f1xx_hal_msp.c...
compiling stm32f1xx_hal.c...
compiling stm32f1xx_hal_adc_ex.c...
compiling stm32f1xx_hal_adc.c...
compiling stm32f1xx_hal_rcc.c...
compiling stm32f1xx_hal_rcc_ex.c...
compiling stm32f1xx_hal_gpio.c...
compiling stm32f1xx_hal_pwr.c...
compiling stm32f1xx_hal_cortex.c...
compiling stm32f1xx_hal_flash.c...
compiling stm32f1xx_hal_dma.c...
compiling stm32f1xx_hal_flash_ex.c...
compiling stm32f1xx_hal_exti.c...
compiling digital_output.c...
compiling stm32f1xx_hal_tim_ex.c...
compiling bus_voltage_sensor.c...
compiling stm32f1xx_hal_tim.c...
compiling stm32f1xx_hal_uart.c...
compiling circle_limitation.c...
compiling hall_speed_pos_fdbk.c...
compiling pid_regulator.c...
compiling open_loop.c...
compiling ntc_temperature_sensor.c...
compiling pqd_motor_power_measurement.c...
compiling motor_power_measurement.c...
compiling pwm_curr_fdbk.c...
compiling pwm_common.c...
compiling ramp_ext_mngr.c...
compiling speed_pos_fdbk.c...
compiling virtual_bus_voltage_sensor.c...
compiling speed_torq_ctrl.c...
compiling state_machine.c...
compiling virtual_speed_sensor.c...
compiling r3_2_f1xx_pwm_curr_fdbk.c...
compiling frame_communication_protocol.c...
compiling ui_irq_handler.c...
compiling usart_frame_communication_protocol.c...
linking...
Program Size: Code=23290 RO-data=1090 RW-data=1464 ZI-data=1784  
"BLDC_control\BLDC_control.axf" - 0 Error(s), 0 Warning(s).

<h2>Software Packages used:</h2>

Package Vendor: ARM
                http://www.keil.com/pack/ARM.CMSIS.5.8.0.pack
                ARM.CMSIS.5.8.0
                CMSIS (Common Microcontroller Software Interface Standard)
   * Component: CORE Version: 5.5.0

Package Vendor: Keil
                http://www.keil.com/pack/Keil.STM32F1xx_DFP.2.3.0.pack
                Keil.STM32F1xx_DFP.2.3.0
                STMicroelectronics STM32F1 Series Device Support, Drivers and Examples

<h2>Collection of Component include folders:</h2>
  .\RTE\_BLDC_control
  C:\Keil_v5\ARM\PACK\ARM\CMSIS\5.8.0\CMSIS\Core\Include
  C:\Keil_v5\ARM\PACK\Keil\STM32F1xx_DFP\2.3.0\Device\Include

<h2>Collection of Component Files used:</h2>

   * Component: ARM::CMSIS:CORE:5.5.0
Build Time Elapsed:  00:00:09
</pre>
</body>
</html>
